Archive member included to satisfy reference by file (symbol)

C:/ST/STM32CubeIDE_1.19.0/STM32CubeIDE/plugins/com.st.stm32cube.ide.mcu.externaltools.gnu-tools-for-stm32.13.3.rel1.win32_1.0.0.202411081344/tools/bin/../lib/gcc/arm-none-eabi/13.3.1/../../../../arm-none-eabi/lib/thumb/v7e-m+dp/hard\libc_nano.a(libc_a-exit.o)
                              C:/ST/STM32CubeIDE_1.19.0/STM32CubeIDE/plugins/com.st.stm32cube.ide.mcu.externaltools.gnu-tools-for-stm32.13.3.rel1.win32_1.0.0.202411081344/tools/bin/../lib/gcc/arm-none-eabi/13.3.1/../../../../arm-none-eabi/lib/thumb/v7e-m+dp/hard/crt0.o (exit)
C:/ST/STM32CubeIDE_1.19.0/STM32CubeIDE/plugins/com.st.stm32cube.ide.mcu.externaltools.gnu-tools-for-stm32.13.3.rel1.win32_1.0.0.202411081344/tools/bin/../lib/gcc/arm-none-eabi/13.3.1/../../../../arm-none-eabi/lib/thumb/v7e-m+dp/hard\libc_nano.a(libc_a-itoa.o)
                              ./Application/General_Utilities/string_oper.o (itoa)
C:/ST/STM32CubeIDE_1.19.0/STM32CubeIDE/plugins/com.st.stm32cube.ide.mcu.externaltools.gnu-tools-for-stm32.13.3.rel1.win32_1.0.0.202411081344/tools/bin/../lib/gcc/arm-none-eabi/13.3.1/../../../../arm-none-eabi/lib/thumb/v7e-m+dp/hard\libc_nano.a(libc_a-utoa.o)
                              C:/ST/STM32CubeIDE_1.19.0/STM32CubeIDE/plugins/com.st.stm32cube.ide.mcu.externaltools.gnu-tools-for-stm32.13.3.rel1.win32_1.0.0.202411081344/tools/bin/../lib/gcc/arm-none-eabi/13.3.1/../../../../arm-none-eabi/lib/thumb/v7e-m+dp/hard\libc_nano.a(libc_a-itoa.o) (__utoa)
C:/ST/STM32CubeIDE_1.19.0/STM32CubeIDE/plugins/com.st.stm32cube.ide.mcu.externaltools.gnu-tools-for-stm32.13.3.rel1.win32_1.0.0.202411081344/tools/bin/../lib/gcc/arm-none-eabi/13.3.1/../../../../arm-none-eabi/lib/thumb/v7e-m+dp/hard\libc_nano.a(libc_a-strtoll.o)
                              ./Application/General_Utilities/string_oper.o (strtoll)
C:/ST/STM32CubeIDE_1.19.0/STM32CubeIDE/plugins/com.st.stm32cube.ide.mcu.externaltools.gnu-tools-for-stm32.13.3.rel1.win32_1.0.0.202411081344/tools/bin/../lib/gcc/arm-none-eabi/13.3.1/../../../../arm-none-eabi/lib/thumb/v7e-m+dp/hard\libc_nano.a(libc_a-ctype_.o)
                              C:/ST/STM32CubeIDE_1.19.0/STM32CubeIDE/plugins/com.st.stm32cube.ide.mcu.externaltools.gnu-tools-for-stm32.13.3.rel1.win32_1.0.0.202411081344/tools/bin/../lib/gcc/arm-none-eabi/13.3.1/../../../../arm-none-eabi/lib/thumb/v7e-m+dp/hard\libc_nano.a(libc_a-strtoll.o) (_ctype_)
C:/ST/STM32CubeIDE_1.19.0/STM32CubeIDE/plugins/com.st.stm32cube.ide.mcu.externaltools.gnu-tools-for-stm32.13.3.rel1.win32_1.0.0.202411081344/tools/bin/../lib/gcc/arm-none-eabi/13.3.1/../../../../arm-none-eabi/lib/thumb/v7e-m+dp/hard\libc_nano.a(libc_a-findfp.o)
                              C:/ST/STM32CubeIDE_1.19.0/STM32CubeIDE/plugins/com.st.stm32cube.ide.mcu.externaltools.gnu-tools-for-stm32.13.3.rel1.win32_1.0.0.202411081344/tools/bin/../lib/gcc/arm-none-eabi/13.3.1/../../../../arm-none-eabi/lib/thumb/v7e-m+dp/hard\libc_nano.a(libc_a-exit.o) (__stdio_exit_handler)
C:/ST/STM32CubeIDE_1.19.0/STM32CubeIDE/plugins/com.st.stm32cube.ide.mcu.externaltools.gnu-tools-for-stm32.13.3.rel1.win32_1.0.0.202411081344/tools/bin/../lib/gcc/arm-none-eabi/13.3.1/../../../../arm-none-eabi/lib/thumb/v7e-m+dp/hard\libc_nano.a(libc_a-fwalk.o)
                              C:/ST/STM32CubeIDE_1.19.0/STM32CubeIDE/plugins/com.st.stm32cube.ide.mcu.externaltools.gnu-tools-for-stm32.13.3.rel1.win32_1.0.0.202411081344/tools/bin/../lib/gcc/arm-none-eabi/13.3.1/../../../../arm-none-eabi/lib/thumb/v7e-m+dp/hard\libc_nano.a(libc_a-findfp.o) (_fwalk_sglue)
C:/ST/STM32CubeIDE_1.19.0/STM32CubeIDE/plugins/com.st.stm32cube.ide.mcu.externaltools.gnu-tools-for-stm32.13.3.rel1.win32_1.0.0.202411081344/tools/bin/../lib/gcc/arm-none-eabi/13.3.1/../../../../arm-none-eabi/lib/thumb/v7e-m+dp/hard\libc_nano.a(libc_a-stdio.o)
                              C:/ST/STM32CubeIDE_1.19.0/STM32CubeIDE/plugins/com.st.stm32cube.ide.mcu.externaltools.gnu-tools-for-stm32.13.3.rel1.win32_1.0.0.202411081344/tools/bin/../lib/gcc/arm-none-eabi/13.3.1/../../../../arm-none-eabi/lib/thumb/v7e-m+dp/hard\libc_nano.a(libc_a-findfp.o) (__sread)
C:/ST/STM32CubeIDE_1.19.0/STM32CubeIDE/plugins/com.st.stm32cube.ide.mcu.externaltools.gnu-tools-for-stm32.13.3.rel1.win32_1.0.0.202411081344/tools/bin/../lib/gcc/arm-none-eabi/13.3.1/../../../../arm-none-eabi/lib/thumb/v7e-m+dp/hard\libc_nano.a(libc_a-vsnprintf.o)
                              ./Application/General_Utilities/_debug.o (vsnprintf)
C:/ST/STM32CubeIDE_1.19.0/STM32CubeIDE/plugins/com.st.stm32cube.ide.mcu.externaltools.gnu-tools-for-stm32.13.3.rel1.win32_1.0.0.202411081344/tools/bin/../lib/gcc/arm-none-eabi/13.3.1/../../../../arm-none-eabi/lib/thumb/v7e-m+dp/hard\libc_nano.a(libc_a-memset.o)
[...]
Memory Configuration

Name             Origin             Length             Attributes
FLASH            0x08000000         0x00200000         xr
DTCMRAM          0x20000000         0x00020000         xrw
RAM_D1           0x24000000         0x00080000         xrw
RAM_D2           0x30000000         0x00048000         xrw
RAM_D3           0x38000000         0x00010000         xrw
ITCMRAM          0x00000000         0x00010000         xrw
*default*        0x00000000         0xffffffff

Linker script and memory map

LOAD C:/ST/STM32CubeIDE_1.19.0/STM32CubeIDE/plugins/com.st.stm32cube.ide.mcu.externaltools.gnu-tools-for-stm32.13.3.rel1.win32_1.0.0.202411081344/tools/bin/../lib/gcc/arm-none-eabi/13.3.1/thumb/v7e-m+dp/hard/crti.o
LOAD C:/ST/STM32CubeIDE_1.19.0/STM32CubeIDE/plugins/com.st.stm32cube.ide.mcu.externaltools.gnu-tools-for-stm32.13.3.rel1.win32_1.0.0.202411081344/tools/bin/../lib/gcc/arm-none-eabi/13.3.1/thumb/v7e-m+dp/hard/crtbegin.o
LOAD C:/ST/STM32CubeIDE_1.19.0/STM32CubeIDE/plugins/com.st.stm32cube.ide.mcu.externaltools.gnu-tools-for-stm32.13.3.rel1.win32_1.0.0.202411081344/tools/bin/../lib/gcc/arm-none-eabi/13.3.1/../../../../arm-none-eabi/lib/thumb/v7e-m+dp/hard/crt0.o
LOAD ./Application/General_Utilities/_debug.o
LOAD ./Application/General_Utilities/common.o
LOAD ./Application/General_Utilities/double_float.o
LOAD ./Application/General_Utilities/errors_service.o
LOAD ./Application/General_Utilities/mini_printf.o
LOAD ./Application/General_Utilities/sd_card.o
LOAD ./Application/General_Utilities/string_oper.o
LOAD ./Application/General_Utilities/timer.o
LOAD ./Core/Src/dma.o
LOAD ./Core/Src/eth.o
LOAD ./Core/Src/fmc.o
LOAD ./Core/Src/freertos.o
LOAD ./Core/Src/gpio.o
LOAD ./Core/Src/i2c.o
LOAD ./Core/Src/ltdc.o
LOAD ./Core/Src/main.o
LOAD ./Core/Src/mdma.o
LOAD ./Core/Src/sdmmc.o
LOAD ./Core/Src/stm32h7xx_hal_msp.o
LOAD ./Core/Src/stm32h7xx_it.o
LOAD ./Core/Src/syscalls.o
LOAD ./Core/Src/sysmem.o
LOAD ./Core/Src/system_stm32h7xx.o
LOAD ./Core/Src/tim.o
LOAD ./Core/Src/usart.o
LOAD ./Core/Startup/startup_stm32h753bitx.o
LOAD ./Drivers/STM32H7xx_HAL_Driver/Src/stm32h7xx_hal.o
LOAD ./Drivers/STM32H7xx_HAL_Driver/Src/stm32h7xx_hal_cortex.o
LOAD ./Drivers/STM32H7xx_HAL_Driver/Src/stm32h7xx_hal_dma.o
LOAD ./Drivers/STM32H7xx_HAL_Driver/Src/stm32h7xx_hal_dma_ex.o
LOAD ./Drivers/STM32H7xx_HAL_Driver/Src/stm32h7xx_hal_eth.o
LOAD ./Drivers/STM32H7xx_HAL_Driver/Src/stm32h7xx_hal_eth_ex.o
LOAD ./Drivers/STM32H7xx_HAL_Driver/Src/stm32h7xx_hal_exti.o
LOAD ./Drivers/STM32H7xx_HAL_Driver/Src/stm32h7xx_hal_flash.o
LOAD ./Drivers/STM32H7xx_HAL_Driver/Src/stm32h7xx_hal_flash_ex.o
LOAD ./Drivers/STM32H7xx_HAL_Driver/Src/stm32h7xx_hal_gpio.o
LOAD ./Drivers/STM32H7xx_HAL_Driver/Src/stm32h7xx_hal_hsem.o
LOAD ./Drivers/STM32H7xx_HAL_Driver/Src/stm32h7xx_hal_i2c.o
LOAD ./Drivers/STM32H7xx_HAL_Driver/Src/stm32h7xx_hal_i2c_ex.o
LOAD ./Drivers/STM32H7xx_HAL_Driver/Src/stm32h7xx_hal_ltdc.o
LOAD ./Drivers/STM32H7xx_HAL_Driver/Src/stm32h7xx_hal_ltdc_ex.o
LOAD ./Drivers/STM32H7xx_HAL_Driver/Src/stm32h7xx_hal_mdma.o
LOAD ./Drivers/STM32H7xx_HAL_Driver/Src/stm32h7xx_hal_mmc.o
LOAD ./Drivers/STM32H7xx_HAL_Driver/Src/stm32h7xx_hal_mmc_ex.o
LOAD ./Drivers/STM32H7xx_HAL_Driver/Src/stm32h7xx_hal_nand.o
LOAD ./Drivers/STM32H7xx_HAL_Driver/Src/stm32h7xx_hal_nor.o
LOAD ./Drivers/STM32H7xx_HAL_Driver/Src/stm32h7xx_hal_pwr.o
LOAD ./Drivers/STM32H7xx_HAL_Driver/Src/stm32h7xx_hal_pwr_ex.o
LOAD ./Drivers/STM32H7xx_HAL_Driver/Src/stm32h7xx_hal_rcc.o
LOAD ./Drivers/STM32H7xx_HAL_Driver/Src/stm32h7xx_hal_rcc_ex.o
LOAD ./Drivers/STM32H7xx_HAL_Driver/Src/stm32h7xx_hal_sd.o
LOAD ./Drivers/STM32H7xx_HAL_Driver/Src/stm32h7xx_hal_sd_ex.o
LOAD ./Drivers/STM32H7xx_HAL_Driver/Src/stm32h7xx_hal_sdram.o
LOAD ./Drivers/STM32H7xx_HAL_Driver/Src/stm32h7xx_hal_sram.o
LOAD ./Drivers/STM32H7xx_HAL_Driver/Src/stm32h7xx_hal_tim.o
LOAD ./Drivers/STM32H7xx_HAL_Driver/Src/stm32h7xx_hal_tim_ex.o
LOAD ./Drivers/STM32H7xx_HAL_Driver/Src/stm32h7xx_hal_uart.o
LOAD ./Drivers/STM32H7xx_HAL_Driver/Src/stm32h7xx_hal_uart_ex.o
LOAD ./Drivers/STM32H7xx_HAL_Driver/Src/stm32h7xx_ll_delayblock.o
LOAD ./Drivers/STM32H7xx_HAL_Driver/Src/stm32h7xx_ll_fmc.o
LOAD ./Drivers/STM32H7xx_HAL_Driver/Src/stm32h7xx_ll_sdmmc.o
LOAD ./FATFS/App/fatfs.o
LOAD ./FATFS/Target/bsp_driver_sd.o
LOAD ./FATFS/Target/sd_diskio.o
LOAD ./Middlewares/Third_Party/FatFs/src/diskio.o
LOAD ./Middlewares/Third_Party/FatFs/src/ff.o
LOAD ./Middlewares/Third_Party/FatFs/src/ff_gen_drv.o
LOAD ./Middlewares/Third_Party/FatFs/src/option/ccsbcs.o
LOAD ./Middlewares/Third_Party/FatFs/src/option/syscall.o
LOAD ./Middlewares/Third_Party/FreeRTOS/Source/CMSIS_RTOS/cmsis_os.o
LOAD ./Middlewares/Third_Party/FreeRTOS/Source/croutine.o
LOAD ./Middlewares/Third_Party/FreeRTOS/Source/event_groups.o
LOAD ./Middlewares/Third_Party/FreeRTOS/Source/list.o
LOAD ./Middlewares/Third_Party/FreeRTOS/Source/queue.o
LOAD ./Middlewares/Third_Party/FreeRTOS/Source/stream_buffer.o
LOAD ./Middlewares/Third_Party/FreeRTOS/Source/tasks.o
LOAD ./Middlewares/Third_Party/FreeRTOS/Source/timers.o
LOAD ./Middlewares/Third_Party/FreeRTOS/Source/portable/GCC/ARM_CM4F/port.o
LOAD ./Middlewares/Third_Party/FreeRTOS/Source/portable/MemMang/heap_4.o
START GROUP
LOAD C:/ST/STM32CubeIDE_1.19.0/STM32CubeIDE/plugins/com.st.stm32cube.ide.mcu.externaltools.gnu-tools-for-stm32.13.3.rel1.win32_1.0.0.202411081344/tools/bin/../lib/gcc/arm-none-eabi/13.3.1/../../../../arm-none-eabi/lib/thumb/v7e-m+dp/hard\libc_nano.a
LOAD C:/ST/STM32CubeIDE_1.19.0/STM32CubeIDE/plugins/com.st.stm32cube.ide.mcu.externaltools.gnu-tools-for-stm32.13.3.rel1.win32_1.0.0.202411081344/tools/bin/../lib/gcc/arm-none-eabi/13.3.1/../../../../arm-none-eabi/lib/thumb/v7e-m+dp/hard\libm.a
END GROUP
START GROUP
LOAD C:/ST/STM32CubeIDE_1.19.0/STM32CubeIDE/plugins/com.st.stm32cube.ide.mcu.externaltools.gnu-tools-for-stm32.13.3.rel1.win32_1.0.0.202411081344/tools/bin/../lib/gcc/arm-none-eabi/13.3.1/thumb/v7e-m+dp/hard\libgcc.a
LOAD C:/ST/STM32CubeIDE_1.19.0/STM32CubeIDE/plugins/com.st.stm32cube.ide.mcu.externaltools.gnu-tools-for-stm32.13.3.rel1.win32_1.0.0.202411081344/tools/bin/../lib/gcc/arm-none-eabi/13.3.1/../../../../arm-none-eabi/lib/thumb/v7e-m+dp/hard\libc_nano.a
END GROUP
START GROUP
LOAD C:/ST/STM32CubeIDE_1.19.0/STM32CubeIDE/plugins/com.st.stm32cube.ide.mcu.externaltools.gnu-tools-for-stm32.13.3.rel1.win32_1.0.0.202411081344/tools/bin/../lib/gcc/arm-none-eabi/13.3.1/thumb/v7e-m+dp/hard\libgcc.a
LOAD C:/ST/STM32CubeIDE_1.19.0/STM32CubeIDE/plugins/com.st.stm32cube.ide.mcu.externaltools.gnu-tools-for-stm32.13.3.rel1.win32_1.0.0.202411081344/tools/bin/../lib/gcc/arm-none-eabi/13.3.1/../../../../arm-none-eabi/lib/thumb/v7e-m+dp/hard\libc_nano.a
LOAD C:/ST/STM32CubeIDE_1.19.0/STM32CubeIDE/plugins/com.st.stm32cube.ide.mcu.externaltools.gnu-tools-for-stm32.13.3.rel1.win32_1.0.0.202411081344/tools/bin/../lib/gcc/arm-none-eabi/13.3.1/../../../../arm-none-eabi/lib/thumb/v7e-m+dp/hard\libnosys.a
END GROUP
START GROUP
LOAD C:/ST/STM32CubeIDE_1.19.0/STM32CubeIDE/plugins/com.st.stm32cube.ide.mcu.externaltools.gnu-tools-for-stm32.13.3.rel1.win32_1.0.0.202411081344/tools/bin/../lib/gcc/arm-none-eabi/13.3.1/thumb/v7e-m+dp/hard\libgcc.a
LOAD C:/ST/STM32CubeIDE_1.19.0/STM32CubeIDE/plugins/com.st.stm32cube.ide.mcu.externaltools.gnu-tools-for-stm32.13.3.rel1.win32_1.0.0.202411081344/tools/bin/../lib/gcc/arm-none-eabi/13.3.1/../../../../arm-none-eabi/lib/thumb/v7e-m+dp/hard\libc_nano.a
LOAD C:/ST/STM32CubeIDE_1.19.0/STM32CubeIDE/plugins/com.st.stm32cube.ide.mcu.externaltools.gnu-tools-for-stm32.13.3.rel1.win32_1.0.0.202411081344/tools/bin/../lib/gcc/arm-none-eabi/13.3.1/../../../../arm-none-eabi/lib/thumb/v7e-m+dp/hard\libnosys.a
END GROUP
LOAD C:/ST/STM32CubeIDE_1.19.0/STM32CubeIDE/plugins/com.st.stm32cube.ide.mcu.externaltools.gnu-tools-for-stm32.13.3.rel1.win32_1.0.0.202411081344/tools/bin/../lib/gcc/arm-none-eabi/13.3.1/thumb/v7e-m+dp/hard/crtend.o
LOAD C:/ST/STM32CubeIDE_1.19.0/STM32CubeIDE/plugins/com.st.stm32cube.ide.mcu.externaltools.gnu-tools-for-stm32.13.3.rel1.win32_1.0.0.202411081344/tools/bin/../lib/gcc/arm-none-eabi/13.3.1/thumb/v7e-m+dp/hard/crtn.o
                0x24080000                        _estack = (ORIGIN (RAM_D1) + LENGTH (RAM_D1))
                0x00004000                        _Min_Heap_Size = 0x4000
                0x00004000                        _Min_Stack_Size = 0x4000

.isr_vector     0x08000000      0x298
                0x08000000                        . = ALIGN (0x4)
 *(.isr_vector)
 .isr_vector    0x08000000      0x298 ./Core/Startup/startup_stm32h753bitx.o
                0x08000000                g_pfnVectors
                0x08000298                        . = ALIGN (0x4)

.text           0x080002a0    0x156d4
                0x080002a0                        . = ALIGN (0x4)
 *(.text)
 .text          0x080002a0       0x40 C:/ST/STM32CubeIDE_1.19.0/STM32CubeIDE/plugins/com.st.stm32cube.ide.mcu.externaltools.gnu-tools-for-stm32.13.3.rel1.win32_1.0.0.202411081344/tools/bin/../lib/gcc/arm-none-eabi/13.3.1/thumb/v7e-m+dp/hard/crtbegin.o
 .text          0x080002e0       0x30 C:/ST/STM32CubeIDE_1.19.0/STM32CubeIDE/plugins/com.st.stm32cube.ide.mcu.externaltools.gnu-tools-for-stm32.13.3.rel1.win32_1.0.0.202411081344/tools/bin/../lib/gcc/arm-none-eabi/13.3.1/thumb/v7e-m+dp/hard\libgcc.a(_aeabi_uldivmod.o)
                0x080002e0                __aeabi_uldivmod
 .text          0x08000310      0x2f8 C:/ST/STM32CubeIDE_1.19.0/STM32CubeIDE/plugins/com.st.stm32cube.ide.mcu.externaltools.gnu-tools-for-stm32.13.3.rel1.win32_1.0.0.202411081344/tools/bin/../lib/gcc/arm-none-eabi/13.3.1/thumb/v7e-m+dp/hard\libgcc.a(_udivmoddi4.o)
                0x08000310                __udivmoddi4
 .text          0x08000608        0x4 C:/ST/STM32CubeIDE_1.19.0/STM32CubeIDE/plugins/com.st.stm32cube.ide.mcu.externaltools.gnu-tools-for-stm32.13.3.rel1.win32_1.0.0.202411081344/tools/bin/../lib/gcc/arm-none-eabi/13.3.1/thumb/v7e-m+dp/hard\libgcc.a(_dvmd_tls.o)
                0x08000608                __aeabi_idiv0
                0x08000608                __aeabi_ldiv0
 *(.text*)
 .text.Dbg      0x0800060c       0x1e ./Application/General_Utilities/_debug.o
                0x0800060c                Dbg
 .text.DbgVar   0x0800062a       0x46 ./Application/General_Utilities/_debug.o
                0x0800062a                DbgVar
 .text.CODESTR_SdCard
                0x08000670      0x2a4 ./Application/General_Utilities/errors_service.o
 .text.ERROR_SDcardMount
                0x08000914       0x28 ./Application/General_Utilities/errors_service.o
                0x08000914                ERROR_SDcardMount
 .text.ERROR_SDcardOpen
                0x0800093c       0x28 ./Application/General_Utilities/errors_service.o
                0x0800093c                ERROR_SDcardOpen
 .text.ERROR_SDcardRead
                0x08000964       0x28 ./Application/General_Utilities/errors_service.o
                0x08000964                ERROR_SDcardRead
 .text.ERROR_SDcardWrite
                0x0800098c       0x28 ./Application/General_Utilities/errors_service.o
                0x0800098c                ERROR_SDcardWrite
 .text.ERROR_SDcardClose
                0x080009b4       0x28 ./Application/General_Utilities/errors_service.o
                0x080009b4                ERROR_SDcardClose
 .text.mini_strlen
                0x080009dc       0x2e ./Application/General_Utilities/mini_printf.o
                0x080009dc                mini_strlen
 .text.mini_itoa
                0x08000a0a      0x11c ./Application/General_Utilities/mini_printf.o
 .text._putc.1  0x08000b26       0x42 ./Application/General_Utilities/mini_printf.o
 .text.mini_vsnprintf
                0x08000b68      0x25c ./Application/General_Utilities/mini_printf.o
                0x08000b68                mini_vsnprintf
 .text._puts.0  0x08000dc4       0x6c ./Application/General_Utilities/mini_printf.o
 .text.SDCard_Init
                0x08000e30       0x34 ./Application/General_Utilities/sd_card.o
                0x08000e30                SDCard_Init
 .text.SDCardFileOpen
                0x08000e64       0x48 ./Application/General_Utilities/sd_card.o
                0x08000e64                SDCardFileOpen
 .text.SDCardFileRead
                0x08000eac       0x54 ./Application/General_Utilities/sd_card.o
                0x08000eac                SDCardFileRead
 .text.SDCardFileWrite
                0x08000f00       0x54 ./Application/General_Utilities/sd_card.o
                0x08000f00                SDCardFileWrite
 .text.SDCardFileClose
                0x08000f54       0x40 ./Application/General_Utilities/sd_card.o
                0x08000f54                SDCardFileClose
 .text.MX_DMA_Init
                0x08000f94       0x70 ./Core/Src/dma.o
                0x08000f94                MX_DMA_Init
 .text.MX_FMC_Init
                0x08001004       0xa0 ./Core/Src/fmc.o
                0x08001004                MX_FMC_Init
 .text.HAL_FMC_MspInit
                0x080010a4      0x1c4 ./Core/Src/fmc.o
 .text.HAL_SDRAM_MspInit
                0x08001268       0x14 ./Core/Src/fmc.o
                0x08001268                HAL_SDRAM_MspInit
 .text.vApplicationIdleHook
                0x0800127c        0xe ./Core/Src/freertos.o
                0x0800127c                vApplicationIdleHook
 .text.vApplicationTickHook
                0x0800128a        0xe ./Core/Src/freertos.o
                0x0800128a                vApplicationTickHook
 .text.vApplicationGetIdleTaskMemory
                0x08001298       0x34 ./Core/Src/freertos.o
                0x08001298                vApplicationGetIdleTaskMemory
 .text.vApplicationGetTimerTaskMemory
                0x080012cc       0x34 ./Core/Src/freertos.o
                0x080012cc                vApplicationGetTimerTaskMemory
 .text.MX_FREERTOS_Init
                0x08001300       0x38 ./Core/Src/freertos.o
                0x08001300                MX_FREERTOS_Init
 .text.StartDefaultTask
                0x08001338       0x9c ./Core/Src/freertos.o
                0x08001338                StartDefaultTask
 .text.MX_GPIO_Init
                0x080013d4      0x1b8 ./Core/Src/gpio.o
                0x080013d4                MX_GPIO_Init
 .text.MX_I2C1_Init
                0x0800158c       0x80 ./Core/Src/i2c.o
                0x0800158c                MX_I2C1_Init
 .text.MX_I2C4_Init
                0x0800160c       0x80 ./Core/Src/i2c.o
                0x0800160c                MX_I2C4_Init
 .text.HAL_I2C_MspInit
                0x0800168c      0x174 ./Core/Src/i2c.o
                0x0800168c                HAL_I2C_MspInit
 .text.MX_LTDC_Init
                0x08001800      0x104 ./Core/Src/ltdc.o
                0x08001800                MX_LTDC_Init
 .text.HAL_LTDC_MspInit
                0x08001904      0x514 ./Core/Src/ltdc.o
                0x08001904                HAL_LTDC_MspInit
 .text.main     0x08001e18      0x198 ./Core/Src/main.o
                0x08001e18                main
 .text.SystemClock_Config
                0x08001fb0       0xf4 ./Core/Src/main.o
                0x08001fb0                SystemClock_Config
 .text.MPU_Config
                0x080020a4       0xc8 ./Core/Src/main.o
 .text.Error_Handler
                0x0800216c        0xc ./Core/Src/main.o
                0x0800216c                Error_Handler
 .text.MX_MDMA_Init
                0x08002178       0xc8 ./Core/Src/mdma.o
                0x08002178                MX_MDMA_Init
 .text.MX_SDMMC1_SD_Init
                0x08002240       0x3c ./Core/Src/sdmmc.o
                0x08002240                MX_SDMMC1_SD_Init
 .text.HAL_SD_MspInit
                0x0800227c      0x12c ./Core/Src/sdmmc.o
                0x0800227c                HAL_SD_MspInit
 .text.HAL_MspInit
                0x080023a8       0x3c ./Core/Src/stm32h7xx_hal_msp.o
                0x080023a8                HAL_MspInit
 .text.NMI_Handler
                0x080023e4        0x8 ./Core/Src/stm32h7xx_it.o
                0x080023e4                NMI_Handler
 .text.HardFault_Handler
                0x080023ec        0x8 ./Core/Src/stm32h7xx_it.o
                0x080023ec                HardFault_Handler
 .text.MemManage_Handler
                0x080023f4        0x8 ./Core/Src/stm32h7xx_it.o
                0x080023f4                MemManage_Handler
 .text.BusFault_Handler
                0x080023fc        0x8 ./Core/Src/stm32h7xx_it.o
                0x080023fc                BusFault_Handler
 .text.UsageFault_Handler
                0x08002404        0x8 ./Core/Src/stm32h7xx_it.o
                0x08002404                UsageFault_Handler
 .text.DebugMon_Handler
                0x0800240c        0xe ./Core/Src/stm32h7xx_it.o
                0x0800240c                DebugMon_Handler
 .text.SysTick_Handler
                0x0800241a       0x1a ./Core/Src/stm32h7xx_it.o
                0x0800241a                SysTick_Handler
 .text.DMA1_Stream0_IRQHandler
                0x08002434       0x14 ./Core/Src/stm32h7xx_it.o
                0x08002434                DMA1_Stream0_IRQHandler
 .text.DMA1_Stream1_IRQHandler
                0x08002448       0x14 ./Core/Src/stm32h7xx_it.o
                0x08002448                DMA1_Stream1_IRQHandler
 .text.DMA1_Stream2_IRQHandler
                0x0800245c       0x14 ./Core/Src/stm32h7xx_it.o
                0x0800245c                DMA1_Stream2_IRQHandler
 .text.DMA1_Stream3_IRQHandler
                0x08002470       0x14 ./Core/Src/stm32h7xx_it.o
                0x08002470                DMA1_Stream3_IRQHandler
 .text.SDMMC1_IRQHandler
                0x08002484       0x14 ./Core/Src/stm32h7xx_it.o
                0x08002484                SDMMC1_IRQHandler
 .text.USART6_IRQHandler
                0x08002498       0x14 ./Core/Src/stm32h7xx_it.o
                0x08002498                USART6_IRQHandler
 .text.UART7_IRQHandler
                0x080024ac       0x14 ./Core/Src/stm32h7xx_it.o
                0x080024ac                UART7_IRQHandler
 .text.MDMA_IRQHandler
                0x080024c0       0x14 ./Core/Src/stm32h7xx_it.o
                0x080024c0                MDMA_IRQHandler
 .text.SystemInit
                0x080024d4      0x140 ./Core/Src/system_stm32h7xx.o
                0x080024d4                SystemInit
 .text.ExitRun0Mode
                0x08002614       0x30 ./Core/Src/system_stm32h7xx.o
                0x08002614                ExitRun0Mode
 .text.MX_TIM5_Init
                0x08002644       0x9c ./Core/Src/tim.o
                0x08002644                MX_TIM5_Init
 .text.HAL_TIM_Base_MspInit
                0x080026e0       0x44 ./Core/Src/tim.o
                0x080026e0                HAL_TIM_Base_MspInit
 .text.StartMeasureTime_us
                0x08002724       0x1c ./Core/Src/tim.o
                0x08002724                StartMeasureTime_us
 .text.StopMeasureTime_us
                0x08002740       0x70 ./Core/Src/tim.o
                0x08002740                StopMeasureTime_us
 .text.MX_UART7_Init
                0x080027b0       0x9c ./Core/Src/usart.o
                0x080027b0                MX_UART7_Init
 .text.MX_USART6_UART_Init
                0x0800284c       0x98 ./Core/Src/usart.o
                0x0800284c                MX_USART6_UART_Init
 .text.HAL_UART_MspInit
                0x080028e4      0x350 ./Core/Src/usart.o
                0x080028e4                HAL_UART_MspInit
 .text.HAL_UART_TxCpltCallback
                0x08002c34       0x20 ./Core/Src/usart.o
                0x08002c34                HAL_UART_TxCpltCallback
 .text.HAL_UART_ErrorCallback
                0x08002c54       0x20 ./Core/Src/usart.o
                0x08002c54                HAL_UART_ErrorCallback
 .text.DEBUG_Send
                0x08002c74       0x2c ./Core/Src/usart.o
                0x08002c74                DEBUG_Send
 .text.Reset_Handler
                0x08002ca0       0x54 ./Core/Startup/startup_stm32h753bitx.o
                0x08002ca0                Reset_Handler
 .text.Default_Handler
                0x08002cf4        0x2 ./Core/Startup/startup_stm32h753bitx.o
                0x08002cf4                RTC_Alarm_IRQHandler
                0x08002cf4                HASH_RNG_IRQHandler
                0x08002cf4                EXTI2_IRQHandler
                0x08002cf4                TIM8_CC_IRQHandler
                0x08002cf4                HRTIM1_Master_IRQHandler
                0x08002cf4                UART8_IRQHandler
                0x08002cf4                SPI4_IRQHandler
                0x08002cf4                TIM1_CC_IRQHandler
                0x08002cf4                BDMA_Channel6_IRQHandler
                0x08002cf4                DMA2_Stream5_IRQHandler
                0x08002cf4                HRTIM1_FLT_IRQHandler
                0x08002cf4                JPEG_IRQHandler
                0x08002cf4                DMA1_Stream5_IRQHandler
                0x08002cf4                BDMA_Channel1_IRQHandler
                0x08002cf4                HRTIM1_TIMD_IRQHandler
                0x08002cf4                TAMP_STAMP_IRQHandler
                0x08002cf4                EXTI3_IRQHandler
                0x08002cf4                LPTIM4_IRQHandler
                0x08002cf4                TIM8_TRG_COM_TIM14_IRQHandler
                0x08002cf4                LPTIM2_IRQHandler
                0x08002cf4                DFSDM1_FLT1_IRQHandler
                0x08002cf4                DMAMUX2_OVR_IRQHandler
                0x08002cf4                TIM8_UP_TIM13_IRQHandler
                0x08002cf4                I2C3_ER_IRQHandler
                0x08002cf4                DFSDM1_FLT2_IRQHandler
                0x08002cf4                LPTIM3_IRQHandler
                0x08002cf4                HSEM1_IRQHandler
                0x08002cf4                EXTI0_IRQHandler
                0x08002cf4                I2C2_EV_IRQHandler
                0x08002cf4                FPU_IRQHandler
                0x08002cf4                OTG_HS_WKUP_IRQHandler
                0x08002cf4                FDCAN1_IT1_IRQHandler
                0x08002cf4                LTDC_ER_IRQHandler
                0x08002cf4                DMA2_Stream2_IRQHandler
                0x08002cf4                HRTIM1_TIME_IRQHandler
                0x08002cf4                SPI1_IRQHandler
                0x08002cf4                TIM6_DAC_IRQHandler
                0x08002cf4                DCMI_IRQHandler
                0x08002cf4                HRTIM1_TIMC_IRQHandler
                0x08002cf4                DMA2_Stream3_IRQHandler
                0x08002cf4                SAI2_IRQHandler
                0x08002cf4                DFSDM1_FLT3_IRQHandler
                0x08002cf4                TIM17_IRQHandler
                0x08002cf4                USART3_IRQHandler
                0x08002cf4                BDMA_Channel7_IRQHandler
                0x08002cf4                CRYP_IRQHandler
                0x08002cf4                LPTIM5_IRQHandler
                0x08002cf4                UART5_IRQHandler
                0x08002cf4                ADC3_IRQHandler
                0x08002cf4                DMA2_Stream0_IRQHandler
                0x08002cf4                TIM4_IRQHandler
                0x08002cf4                BDMA_Channel2_IRQHandler
                0x08002cf4                QUADSPI_IRQHandler
                0x08002cf4                I2C1_EV_IRQHandler
                0x08002cf4                DMA1_Stream6_IRQHandler
                0x08002cf4                DMAMUX1_OVR_IRQHandler
                0x08002cf4                TIM16_IRQHandler
                0x08002cf4                UART4_IRQHandler
                0x08002cf4                BDMA_Channel5_IRQHandler
                0x08002cf4                TIM3_IRQHandler
                0x08002cf4                RCC_IRQHandler
                0x08002cf4                TIM8_BRK_TIM12_IRQHandler
                0x08002cf4                TIM1_TRG_COM_IRQHandler
                0x08002cf4                Default_Handler
                0x08002cf4                ECC_IRQHandler
                0x08002cf4                CEC_IRQHandler
                0x08002cf4                EXTI15_10_IRQHandler
                0x08002cf4                BDMA_Channel0_IRQHandler
                0x08002cf4                ADC_IRQHandler
                0x08002cf4                DMA1_Stream7_IRQHandler
                0x08002cf4                HRTIM1_TIMA_IRQHandler
                0x08002cf4                SPI5_IRQHandler
                0x08002cf4                TIM7_IRQHandler
                0x08002cf4                TIM5_IRQHandler
                0x08002cf4                DMA2_Stream7_IRQHandler
                0x08002cf4                TIM15_IRQHandler
                0x08002cf4                PVD_AVD_IRQHandler
                0x08002cf4                I2C3_EV_IRQHandler
                0x08002cf4                EXTI9_5_IRQHandler
                0x08002cf4                RTC_WKUP_IRQHandler
                0x08002cf4                LTDC_IRQHandler
                0x08002cf4                SAI3_IRQHandler
                0x08002cf4                ETH_WKUP_IRQHandler
                0x08002cf4                SPDIF_RX_IRQHandler
                0x08002cf4                SPI2_IRQHandler
                0x08002cf4                OTG_HS_EP1_IN_IRQHandler
                0x08002cf4                CRS_IRQHandler
                0x08002cf4                EXTI4_IRQHandler
                0x08002cf4                HRTIM1_TIMB_IRQHandler
                0x08002cf4                FDCAN2_IT1_IRQHandler
                0x08002cf4                ETH_IRQHandler
                0x08002cf4                TIM1_UP_IRQHandler
                0x08002cf4                BDMA_Channel4_IRQHandler
                0x08002cf4                OTG_HS_EP1_OUT_IRQHandler
                0x08002cf4                WWDG_IRQHandler
                0x08002cf4                SPI6_IRQHandler
                0x08002cf4                MDIOS_IRQHandler
                0x08002cf4                I2C4_EV_IRQHandler
                0x08002cf4                FDCAN2_IT0_IRQHandler
                0x08002cf4                LPUART1_IRQHandler
                0x08002cf4                FDCAN1_IT0_IRQHandler
                0x08002cf4                TIM2_IRQHandler
                0x08002cf4                OTG_FS_WKUP_IRQHandler
                0x08002cf4                OTG_HS_IRQHandler
                0x08002cf4                DMA2D_IRQHandler
                0x08002cf4                TIM1_BRK_IRQHandler
                0x08002cf4                EXTI1_IRQHandler
                0x08002cf4                SDMMC2_IRQHandler
                0x08002cf4                OTG_FS_EP1_OUT_IRQHandler
                0x08002cf4                BDMA_Channel3_IRQHandler
                0x08002cf4                MDIOS_WKUP_IRQHandler
                0x08002cf4                USART2_IRQHandler
                0x08002cf4                DFSDM1_FLT0_IRQHandler
                0x08002cf4                SAI4_IRQHandler
                0x08002cf4                I2C2_ER_IRQHandler
                0x08002cf4                DMA2_Stream1_IRQHandler
                0x08002cf4                FLASH_IRQHandler
                0x08002cf4                DMA2_Stream4_IRQHandler
                0x08002cf4                USART1_IRQHandler
                0x08002cf4                OTG_FS_IRQHandler
                0x08002cf4                SPI3_IRQHandler
                0x08002cf4                WAKEUP_PIN_IRQHandler
                0x08002cf4                DMA1_Stream4_IRQHandler
                0x08002cf4                OTG_FS_EP1_IN_IRQHandler
                0x08002cf4                I2C1_ER_IRQHandler
                0x08002cf4                FMC_IRQHandler
                0x08002cf4                FDCAN_CAL_IRQHandler
                0x08002cf4                SWPMI1_IRQHandler
                0x08002cf4                COMP1_IRQHandler
                0x08002cf4                LPTIM1_IRQHandler
                0x08002cf4                I2C4_ER_IRQHandler
                0x08002cf4                DMA2_Stream6_IRQHandler
                0x08002cf4                SAI1_IRQHandler
 *fill*         0x08002cf6        0x2 
 .text.HAL_Init
                0x08002cf8       0x78 ./Drivers/STM32H7xx_HAL_Driver/Src/stm32h7xx_hal.o
                0x08002cf8                HAL_Init
 .text.HAL_InitTick
                0x08002d70       0x6c ./Drivers/STM32H7xx_HAL_Driver/Src/stm32h7xx_hal.o
                0x08002d70                HAL_InitTick
 .text.HAL_IncTick
                0x08002ddc       0x28 ./Drivers/STM32H7xx_HAL_Driver/Src/stm32h7xx_hal.o
                0x08002ddc                HAL_IncTick
 .text.HAL_GetTick
                0x08002e04       0x18 ./Drivers/STM32H7xx_HAL_Driver/Src/stm32h7xx_hal.o
                0x08002e04                HAL_GetTick
 .text.HAL_Delay
                0x08002e1c       0x48 ./Drivers/STM32H7xx_HAL_Driver/Src/stm32h7xx_hal.o
                0x08002e1c                HAL_Delay
 .text.HAL_GetREVID
                0x08002e64       0x18 ./Drivers/STM32H7xx_HAL_Driver/Src/stm32h7xx_hal.o
                0x08002e64                HAL_GetREVID
 .text.__NVIC_SetPriorityGrouping
                0x08002e7c       0x48 ./Drivers/STM32H7xx_HAL_Driver/Src/stm32h7xx_hal_cortex.o
 .text.__NVIC_GetPriorityGrouping
                0x08002ec4       0x1c ./Drivers/STM32H7xx_HAL_Driver/Src/stm32h7xx_hal_cortex.o
 .text.__NVIC_EnableIRQ
                0x08002ee0       0x3c ./Drivers/STM32H7xx_HAL_Driver/Src/stm32h7xx_hal_cortex.o
 .text.__NVIC_SetPriority
                0x08002f1c       0x54 ./Drivers/STM32H7xx_HAL_Driver/Src/stm32h7xx_hal_cortex.o
 .text.NVIC_EncodePriority
                0x08002f70       0x66 ./Drivers/STM32H7xx_HAL_Driver/Src/stm32h7xx_hal_cortex.o
 *fill*         0x08002fd6        0x2 
 .text.SysTick_Config
                0x08002fd8       0x44 ./Drivers/STM32H7xx_HAL_Driver/Src/stm32h7xx_hal_cortex.o
 .text.HAL_NVIC_SetPriorityGrouping
                0x0800301c       0x16 ./Drivers/STM32H7xx_HAL_Driver/Src/stm32h7xx_hal_cortex.o
                0x0800301c                HAL_NVIC_SetPriorityGrouping
 .text.HAL_NVIC_SetPriority
                0x08003032       0x34 ./Drivers/STM32H7xx_HAL_Driver/Src/stm32h7xx_hal_cortex.o
                0x08003032                HAL_NVIC_SetPriority
 .text.HAL_NVIC_EnableIRQ
                0x08003066       0x1c ./Drivers/STM32H7xx_HAL_Driver/Src/stm32h7xx_hal_cortex.o
                0x08003066                HAL_NVIC_EnableIRQ
 .text.HAL_SYSTICK_Config
                0x08003082       0x18 ./Drivers/STM32H7xx_HAL_Driver/Src/stm32h7xx_hal_cortex.o
                0x08003082                HAL_SYSTICK_Config
 *fill*         0x0800309a        0x2 
 .text.HAL_MPU_Disable
                0x0800309c       0x30 ./Drivers/STM32H7xx_HAL_Driver/Src/stm32h7xx_hal_cortex.o
                0x0800309c                HAL_MPU_Disable
 .text.HAL_MPU_Enable
                0x080030cc       0x40 ./Drivers/STM32H7xx_HAL_Driver/Src/stm32h7xx_hal_cortex.o
                0x080030cc                HAL_MPU_Enable
 .text.HAL_MPU_ConfigRegion
                0x0800310c       0x80 ./Drivers/STM32H7xx_HAL_Driver/Src/stm32h7xx_hal_cortex.o
                0x0800310c                HAL_MPU_ConfigRegion
 .text.HAL_DMA_Init
                0x0800318c      0x6b8 ./Drivers/STM32H7xx_HAL_Driver/Src/stm32h7xx_hal_dma.o
                0x0800318c                HAL_DMA_Init
 .text.HAL_DMA_Abort
                0x08003844      0x63c ./Drivers/STM32H7xx_HAL_Driver/Src/stm32h7xx_hal_dma.o
                0x08003844                HAL_DMA_Abort
 .text.HAL_DMA_Abort_IT
                0x08003e80      0x48c ./Drivers/STM32H7xx_HAL_Driver/Src/stm32h7xx_hal_dma.o
                0x08003e80                HAL_DMA_Abort_IT
 .text.HAL_DMA_IRQHandler
                0x0800430c      0xe54 ./Drivers/STM32H7xx_HAL_Driver/Src/stm32h7xx_hal_dma.o
                0x0800430c                HAL_DMA_IRQHandler
 .text.DMA_CalcBaseAndBitshift
                0x08005160      0x164 ./Drivers/STM32H7xx_HAL_Driver/Src/stm32h7xx_hal_dma.o
 .text.DMA_CheckFifoParam
                0x080052c4       0xf8 ./Drivers/STM32H7xx_HAL_Driver/Src/stm32h7xx_hal_dma.o
 .text.DMA_CalcDMAMUXChannelBaseAndMask
                0x080053bc      0x134 ./Drivers/STM32H7xx_HAL_Driver/Src/stm32h7xx_hal_dma.o
 .text.DMA_CalcDMAMUXRequestGenBaseAndMask
                0x080054f0       0xe8 ./Drivers/STM32H7xx_HAL_Driver/Src/stm32h7xx_hal_dma.o
 .text.HAL_GPIO_Init
                0x080055d8      0x360 ./Drivers/STM32H7xx_HAL_Driver/Src/stm32h7xx_hal_gpio.o
                0x080055d8                HAL_GPIO_Init
 .text.HAL_GPIO_WritePin
                0x08005938       0x32 ./Drivers/STM32H7xx_HAL_Driver/Src/stm32h7xx_hal_gpio.o
                0x08005938                HAL_GPIO_WritePin
 *fill*         0x0800596a        0x2 
 .text.HAL_I2C_Init
                0x0800596c      0x138 ./Drivers/STM32H7xx_HAL_Driver/Src/stm32h7xx_hal_i2c.o
                0x0800596c                HAL_I2C_Init
 .text.HAL_I2CEx_ConfigAnalogFilter
                0x08005aa4       0x96 ./Drivers/STM32H7xx_HAL_Driver/Src/stm32h7xx_hal_i2c_ex.o
                0x08005aa4                HAL_I2CEx_ConfigAnalogFilter
 .text.HAL_I2CEx_ConfigDigitalFilter
                0x08005b3a       0x98 ./Drivers/STM32H7xx_HAL_Driver/Src/stm32h7xx_hal_i2c_ex.o
                0x08005b3a                HAL_I2CEx_ConfigDigitalFilter
 .text.HAL_LTDC_Init
                0x08005bd2      0x13a ./Drivers/STM32H7xx_HAL_Driver/Src/stm32h7xx_hal_ltdc.o
                0x08005bd2                HAL_LTDC_Init
 .text.HAL_LTDC_ConfigLayer
                0x08005d0c       0x7c ./Drivers/STM32H7xx_HAL_Driver/Src/stm32h7xx_hal_ltdc.o
                0x08005d0c                HAL_LTDC_ConfigLayer
 .text.LTDC_SetConfig
                0x08005d88      0x2ec ./Drivers/STM32H7xx_HAL_Driver/Src/stm32h7xx_hal_ltdc.o
 .text.HAL_MDMA_Init
                0x08006074       0x98 ./Drivers/STM32H7xx_HAL_Driver/Src/stm32h7xx_hal_mdma.o
                0x08006074                HAL_MDMA_Init
 .text.HAL_MDMA_ConfigPostRequestMask
                0x0800610c       0xa4 ./Drivers/STM32H7xx_HAL_Driver/Src/stm32h7xx_hal_mdma.o
                0x0800610c                HAL_MDMA_ConfigPostRequestMask
 .text.HAL_MDMA_IRQHandler
                0x080061b0      0x2a8 ./Drivers/STM32H7xx_HAL_Driver/Src/stm32h7xx_hal_mdma.o
                0x080061b0                HAL_MDMA_IRQHandler
 .text.MDMA_Init
                0x08006458      0x130 ./Drivers/STM32H7xx_HAL_Driver/Src/stm32h7xx_hal_mdma.o
 .text.HAL_PWREx_ConfigSupply
                0x08006588       0x74 ./Drivers/STM32H7xx_HAL_Driver/Src/stm32h7xx_hal_pwr_ex.o
                0x08006588                HAL_PWREx_ConfigSupply
 .text.HAL_RCC_OscConfig
                0x080065fc      0x8b4 ./Drivers/STM32H7xx_HAL_Driver/Src/stm32h7xx_hal_rcc.o
                0x080065fc                HAL_RCC_OscConfig
 .text.HAL_RCC_ClockConfig
                0x08006eb0      0x36c ./Drivers/STM32H7xx_HAL_Driver/Src/stm32h7xx_hal_rcc.o
                0x08006eb0                HAL_RCC_ClockConfig
 .text.HAL_RCC_GetSysClockFreq
                0x0800721c      0x2f4 ./Drivers/STM32H7xx_HAL_Driver/Src/stm32h7xx_hal_rcc.o
                0x0800721c                HAL_RCC_GetSysClockFreq
 .text.HAL_RCC_GetHCLKFreq
                0x08007510       0x60 ./Drivers/STM32H7xx_HAL_Driver/Src/stm32h7xx_hal_rcc.o
                0x08007510                HAL_RCC_GetHCLKFreq
 .text.HAL_RCC_GetPCLK1Freq
                0x08007570       0x2c ./Drivers/STM32H7xx_HAL_Driver/Src/stm32h7xx_hal_rcc.o
                0x08007570                HAL_RCC_GetPCLK1Freq
 .text.HAL_RCC_GetPCLK2Freq
                0x0800759c       0x2c ./Drivers/STM32H7xx_HAL_Driver/Src/stm32h7xx_hal_rcc.o
                0x0800759c                HAL_RCC_GetPCLK2Freq
 .text.HAL_RCCEx_PeriphCLKConfig
                0x080075c8     0x1414 ./Drivers/STM32H7xx_HAL_Driver/Src/stm32h7xx_hal_rcc_ex.o
                0x080075c8                HAL_RCCEx_PeriphCLKConfig
 .text.HAL_RCCEx_GetPeriphCLKFreq
                0x080089dc      0xb00 ./Drivers/STM32H7xx_HAL_Driver/Src/stm32h7xx_hal_rcc_ex.o
                0x080089dc                HAL_RCCEx_GetPeriphCLKFreq
 .text.HAL_RCCEx_GetD3PCLK1Freq
                0x080094dc       0x2c ./Drivers/STM32H7xx_HAL_Driver/Src/stm32h7xx_hal_rcc_ex.o
                0x080094dc                HAL_RCCEx_GetD3PCLK1Freq
 .text.HAL_RCCEx_GetPLL2ClockFreq
                0x08009508      0x2a8 ./Drivers/STM32H7xx_HAL_Driver/Src/stm32h7xx_hal_rcc_ex.o
                0x08009508                HAL_RCCEx_GetPLL2ClockFreq
 .text.HAL_RCCEx_GetPLL3ClockFreq
                0x080097b0      0x2a8 ./Drivers/STM32H7xx_HAL_Driver/Src/stm32h7xx_hal_rcc_ex.o
                0x080097b0                HAL_RCCEx_GetPLL3ClockFreq
 .text.HAL_RCCEx_GetPLL1ClockFreq
                0x08009a58      0x2a4 ./Drivers/STM32H7xx_HAL_Driver/Src/stm32h7xx_hal_rcc_ex.o
                0x08009a58                HAL_RCCEx_GetPLL1ClockFreq
 .text.RCCEx_PLL2_Config
                0x08009cfc      0x164 ./Drivers/STM32H7xx_HAL_Driver/Src/stm32h7xx_hal_rcc_ex.o
 .text.RCCEx_PLL3_Config
                0x08009e60      0x164 ./Drivers/STM32H7xx_HAL_Driver/Src/stm32h7xx_hal_rcc_ex.o
 .text.HAL_SD_Init
                0x08009fc4      0x106 ./Drivers/STM32H7xx_HAL_Driver/Src/stm32h7xx_hal_sd.o
                0x08009fc4                HAL_SD_Init
 *fill*         0x0800a0ca        0x2 
 .text.HAL_SD_InitCard
                0x0800a0cc      0x138 ./Drivers/STM32H7xx_HAL_Driver/Src/stm32h7xx_hal_sd.o
                0x0800a0cc                HAL_SD_InitCard
 .text.HAL_SD_ReadBlocks_DMA
                0x0800a204      0x150 ./Drivers/STM32H7xx_HAL_Driver/Src/stm32h7xx_hal_sd.o
                0x0800a204                HAL_SD_ReadBlocks_DMA
 .text.HAL_SD_WriteBlocks_DMA
                0x0800a354      0x150 ./Drivers/STM32H7xx_HAL_Driver/Src/stm32h7xx_hal_sd.o
                0x0800a354                HAL_SD_WriteBlocks_DMA
 .text.HAL_SD_IRQHandler
                0x0800a4a4      0x370 ./Drivers/STM32H7xx_HAL_Driver/Src/stm32h7xx_hal_sd.o
                0x0800a4a4                HAL_SD_IRQHandler
 .text.HAL_SD_ErrorCallback
                0x0800a814       0x14 ./Drivers/STM32H7xx_HAL_Driver/Src/stm32h7xx_hal_sd.o
                0x0800a814                HAL_SD_ErrorCallback
 .text.HAL_SD_GetCardCSD
                0x0800a828      0x348 ./Drivers/STM32H7xx_HAL_Driver/Src/stm32h7xx_hal_sd.o
                0x0800a828                HAL_SD_GetCardCSD
 .text.HAL_SD_GetCardStatus
                0x0800ab70      0x17c ./Drivers/STM32H7xx_HAL_Driver/Src/stm32h7xx_hal_sd.o
                0x0800ab70                HAL_SD_GetCardStatus
 .text.HAL_SD_GetCardInfo
                0x0800acec       0x58 ./Drivers/STM32H7xx_HAL_Driver/Src/stm32h7xx_hal_sd.o
                0x0800acec                HAL_SD_GetCardInfo
 .text.HAL_SD_ConfigWideBusOperation
                0x0800ad44      0x224 ./Drivers/STM32H7xx_HAL_Driver/Src/stm32h7xx_hal_sd.o
                0x0800ad44                HAL_SD_ConfigWideBusOperation
 .text.HAL_SD_GetCardState
                0x0800af68       0x40 ./Drivers/STM32H7xx_HAL_Driver/Src/stm32h7xx_hal_sd.o
                0x0800af68                HAL_SD_GetCardState
 .text.SD_InitCard
                0x0800afa8      0x19c ./Drivers/STM32H7xx_HAL_Driver/Src/stm32h7xx_hal_sd.o
 .text.SD_PowerON
                0x0800b144      0x11c ./Drivers/STM32H7xx_HAL_Driver/Src/stm32h7xx_hal_sd.o
 .text.SD_SendSDStatus
                0x0800b260      0x1a0 ./Drivers/STM32H7xx_HAL_Driver/Src/stm32h7xx_hal_sd.o
 .text.SD_SendStatus
                0x0800b400       0x50 ./Drivers/STM32H7xx_HAL_Driver/Src/stm32h7xx_hal_sd.o
 .text.SD_WideBus_Enable
                0x0800b450       0x96 ./Drivers/STM32H7xx_HAL_Driver/Src/stm32h7xx_hal_sd.o
 .text.SD_WideBus_Disable
                0x0800b4e6       0x96 ./Drivers/STM32H7xx_HAL_Driver/Src/stm32h7xx_hal_sd.o
 .text.SD_FindSCR
                0x0800b57c      0x1a0 ./Drivers/STM32H7xx_HAL_Driver/Src/stm32h7xx_hal_sd.o
 .text.SD_Read_IT
                0x0800b71c       0x8c ./Drivers/STM32H7xx_HAL_Driver/Src/stm32h7xx_hal_sd.o
 .text.SD_Write_IT
                0x0800b7a8       0x94 ./Drivers/STM32H7xx_HAL_Driver/Src/stm32h7xx_hal_sd.o
 .text.HAL_SDEx_Read_DMADoubleBuf0CpltCallback
                0x0800b83c       0x14 ./Drivers/STM32H7xx_HAL_Driver/Src/stm32h7xx_hal_sd.o
                0x0800b83c                HAL_SDEx_Read_DMADoubleBuf0CpltCallback
 .text.HAL_SDEx_Read_DMADoubleBuf1CpltCallback
                0x0800b850       0x14 ./Drivers/STM32H7xx_HAL_Driver/Src/stm32h7xx_hal_sd.o
                0x0800b850                HAL_SDEx_Read_DMADoubleBuf1CpltCallback
 .text.HAL_SDEx_Write_DMADoubleBuf0CpltCallback
                0x0800b864       0x14 ./Drivers/STM32H7xx_HAL_Driver/Src/stm32h7xx_hal_sd.o
                0x0800b864                HAL_SDEx_Write_DMADoubleBuf0CpltCallback
 .text.HAL_SDEx_Write_DMADoubleBuf1CpltCallback
                0x0800b878       0x14 ./Drivers/STM32H7xx_HAL_Driver/Src/stm32h7xx_hal_sd.o
                0x0800b878                HAL_SDEx_Write_DMADoubleBuf1CpltCallback
 .text.HAL_SDRAM_Init
                0x0800b88c       0x78 ./Drivers/STM32H7xx_HAL_Driver/Src/stm32h7xx_hal_sdram.o
                0x0800b88c                HAL_SDRAM_Init
 .text.HAL_TIM_Base_Init
                0x0800b904       0xae ./Drivers/STM32H7xx_HAL_Driver/Src/stm32h7xx_hal_tim.o
                0x0800b904                HAL_TIM_Base_Init
 *fill*         0x0800b9b2        0x2 
 .text.HAL_TIM_Base_Start
                0x0800b9b4       0xe0 ./Drivers/STM32H7xx_HAL_Driver/Src/stm32h7xx_hal_tim.o
                0x0800b9b4                HAL_TIM_Base_Start
 .text.HAL_TIM_Base_Stop
                0x0800ba94       0x4e ./Drivers/STM32H7xx_HAL_Driver/Src/stm32h7xx_hal_tim.o
                0x0800ba94                HAL_TIM_Base_Stop
 *fill*         0x0800bae2        0x2 
 .text.HAL_TIM_ConfigClockSource
                0x0800bae4      0x1f0 ./Drivers/STM32H7xx_HAL_Driver/Src/stm32h7xx_hal_tim.o
                0x0800bae4                HAL_TIM_ConfigClockSource
 .text.TIM_Base_SetConfig
                0x0800bcd4      0x140 ./Drivers/STM32H7xx_HAL_Driver/Src/stm32h7xx_hal_tim.o
                0x0800bcd4                TIM_Base_SetConfig
 .text.TIM_TI1_ConfigInputStage
                0x0800be14       0x5e ./Drivers/STM32H7xx_HAL_Driver/Src/stm32h7xx_hal_tim.o
 .text.TIM_TI2_ConfigInputStage
                0x0800be72       0x60 ./Drivers/STM32H7xx_HAL_Driver/Src/stm32h7xx_hal_tim.o
 *fill*         0x0800bed2        0x2 
 .text.TIM_ITRx_SetConfig
                0x0800bed4       0x3c ./Drivers/STM32H7xx_HAL_Driver/Src/stm32h7xx_hal_tim.o
 .text.TIM_ETR_SetConfig
                0x0800bf10       0x40 ./Drivers/STM32H7xx_HAL_Driver/Src/stm32h7xx_hal_tim.o
                0x0800bf10                TIM_ETR_SetConfig
 .text.HAL_TIMEx_MasterConfigSynchronization
                0x0800bf50      0x11c ./Drivers/STM32H7xx_HAL_Driver/Src/stm32h7xx_hal_tim_ex.o
                0x0800bf50                HAL_TIMEx_MasterConfigSynchronization
 .text.HAL_UART_Init
                0x0800c06c       0xa0 ./Drivers/STM32H7xx_HAL_Driver/Src/stm32h7xx_hal_uart.o
                0x0800c06c                HAL_UART_Init
 .text.HAL_UART_Transmit
                0x0800c10c      0x11c ./Drivers/STM32H7xx_HAL_Driver/Src/stm32h7xx_hal_uart.o
                0x0800c10c                HAL_UART_Transmit
 .text.HAL_UART_IRQHandler
                0x0800c228      0x7ac ./Drivers/STM32H7xx_HAL_Driver/Src/stm32h7xx_hal_uart.o
                0x0800c228                HAL_UART_IRQHandler
 .text.HAL_UARTEx_RxEventCallback
                0x0800c9d4       0x18 ./Drivers/STM32H7xx_HAL_Driver/Src/stm32h7xx_hal_uart.o
                0x0800c9d4                HAL_UARTEx_RxEventCallback
 .text.UART_SetConfig
                0x0800c9ec      0xad0 ./Drivers/STM32H7xx_HAL_Driver/Src/stm32h7xx_hal_uart.o
                0x0800c9ec                UART_SetConfig
 .text.UART_AdvFeatureConfig
                0x0800d4bc      0x144 ./Drivers/STM32H7xx_HAL_Driver/Src/stm32h7xx_hal_uart.o
                0x0800d4bc                UART_AdvFeatureConfig
 .text.UART_CheckIdleState
                0x0800d600      0x154 ./Drivers/STM32H7xx_HAL_Driver/Src/stm32h7xx_hal_uart.o
                0x0800d600                UART_CheckIdleState
 .text.UART_WaitOnFlagUntilTimeout
                0x0800d754       0xda ./Drivers/STM32H7xx_HAL_Driver/Src/stm32h7xx_hal_uart.o
                0x0800d754                UART_WaitOnFlagUntilTimeout
 *fill*         0x0800d82e        0x2 
 .text.UART_EndRxTransfer
                0x0800d830       0xcc ./Drivers/STM32H7xx_HAL_Driver/Src/stm32h7xx_hal_uart.o
 .text.UART_DMAAbortOnError
                0x0800d8fc       0x24 ./Drivers/STM32H7xx_HAL_Driver/Src/stm32h7xx_hal_uart.o
 .text.UART_EndTransmit_IT
                0x0800d920       0x56 ./Drivers/STM32H7xx_HAL_Driver/Src/stm32h7xx_hal_uart.o
 .text.HAL_UARTEx_WakeupCallback
                0x0800d976       0x14 ./Drivers/STM32H7xx_HAL_Driver/Src/stm32h7xx_hal_uart_ex.o
                0x0800d976                HAL_UARTEx_WakeupCallback
 .text.HAL_UARTEx_RxFifoFullCallback
                0x0800d98a       0x14 ./Drivers/STM32H7xx_HAL_Driver/Src/stm32h7xx_hal_uart_ex.o
                0x0800d98a                HAL_UARTEx_RxFifoFullCallback
 .text.HAL_UARTEx_TxFifoEmptyCallback
                0x0800d99e       0x14 ./Drivers/STM32H7xx_HAL_Driver/Src/stm32h7xx_hal_uart_ex.o
                0x0800d99e                HAL_UARTEx_TxFifoEmptyCallback
 .text.HAL_UARTEx_DisableFifoMode
                0x0800d9b2       0x72 ./Drivers/STM32H7xx_HAL_Driver/Src/stm32h7xx_hal_uart_ex.o
                0x0800d9b2                HAL_UARTEx_DisableFifoMode
 .text.HAL_UARTEx_SetTxFifoThreshold
                0x0800da24       0x7c ./Drivers/STM32H7xx_HAL_Driver/Src/stm32h7xx_hal_uart_ex.o
                0x0800da24                HAL_UARTEx_SetTxFifoThreshold
 .text.HAL_UARTEx_SetRxFifoThreshold
                0x0800daa0       0x7c ./Drivers/STM32H7xx_HAL_Driver/Src/stm32h7xx_hal_uart_ex.o
                0x0800daa0                HAL_UARTEx_SetRxFifoThreshold
 .text.UARTEx_SetNbDataToProcess
                0x0800db1c       0x9c ./Drivers/STM32H7xx_HAL_Driver/Src/stm32h7xx_hal_uart_ex.o
 .text.FMC_SDRAM_Init
                0x0800dbb8       0xb8 ./Drivers/STM32H7xx_HAL_Driver/Src/stm32h7xx_ll_fmc.o
                0x0800dbb8                FMC_SDRAM_Init
 .text.FMC_SDRAM_Timing_Init
                0x0800dc70       0xd4 ./Drivers/STM32H7xx_HAL_Driver/Src/stm32h7xx_ll_fmc.o
                0x0800dc70                FMC_SDRAM_Timing_Init
 .text.SDMMC_Init
                0x0800dd44       0x54 ./Drivers/STM32H7xx_HAL_Driver/Src/stm32h7xx_ll_sdmmc.o
                0x0800dd44                SDMMC_Init
 .text.SDMMC_ReadFIFO
                0x0800dd98       0x1a ./Drivers/STM32H7xx_HAL_Driver/Src/stm32h7xx_ll_sdmmc.o
                0x0800dd98                SDMMC_ReadFIFO
 .text.SDMMC_WriteFIFO
                0x0800ddb2       0x22 ./Drivers/STM32H7xx_HAL_Driver/Src/stm32h7xx_ll_sdmmc.o
                0x0800ddb2                SDMMC_WriteFIFO
 .text.SDMMC_PowerState_ON
                0x0800ddd4       0x22 ./Drivers/STM32H7xx_HAL_Driver/Src/stm32h7xx_ll_sdmmc.o
                0x0800ddd4                SDMMC_PowerState_ON
 .text.SDMMC_GetPowerState
                0x0800ddf6       0x1c ./Drivers/STM32H7xx_HAL_Driver/Src/stm32h7xx_ll_sdmmc.o
                0x0800ddf6                SDMMC_GetPowerState
 *fill*         0x0800de12        0x2 
 .text.SDMMC_SendCommand
                0x0800de14       0x54 ./Drivers/STM32H7xx_HAL_Driver/Src/stm32h7xx_ll_sdmmc.o
                0x0800de14                SDMMC_SendCommand
 .text.SDMMC_GetCommandResponse
                0x0800de68       0x1a ./Drivers/STM32H7xx_HAL_Driver/Src/stm32h7xx_ll_sdmmc.o
                0x0800de68                SDMMC_GetCommandResponse
 .text.SDMMC_GetResponse
                0x0800de82       0x26 ./Drivers/STM32H7xx_HAL_Driver/Src/stm32h7xx_ll_sdmmc.o
                0x0800de82                SDMMC_GetResponse
 .text.SDMMC_ConfigData
                0x0800dea8       0x58 ./Drivers/STM32H7xx_HAL_Driver/Src/stm32h7xx_ll_sdmmc.o
                0x0800dea8                SDMMC_ConfigData
 .text.SDMMC_CmdBlockLength
                0x0800df00       0x46 ./Drivers/STM32H7xx_HAL_Driver/Src/stm32h7xx_ll_sdmmc.o
                0x0800df00                SDMMC_CmdBlockLength
 .text.SDMMC_CmdReadSingleBlock
                0x0800df46       0x46 ./Drivers/STM32H7xx_HAL_Driver/Src/stm32h7xx_ll_sdmmc.o
                0x0800df46                SDMMC_CmdReadSingleBlock
 .text.SDMMC_CmdReadMultiBlock
                0x0800df8c       0x46 ./Drivers/STM32H7xx_HAL_Driver/Src/stm32h7xx_ll_sdmmc.o
                0x0800df8c                SDMMC_CmdReadMultiBlock
 .text.SDMMC_CmdWriteSingleBlock
                0x0800dfd2       0x46 ./Drivers/STM32H7xx_HAL_Driver/Src/stm32h7xx_ll_sdmmc.o
                0x0800dfd2                SDMMC_CmdWriteSingleBlock
 .text.SDMMC_CmdWriteMultiBlock
                0x0800e018       0x46 ./Drivers/STM32H7xx_HAL_Driver/Src/stm32h7xx_ll_sdmmc.o
                0x0800e018                SDMMC_CmdWriteMultiBlock
 *fill*         0x0800e05e        0x2 
 .text.SDMMC_CmdStopTransfer
                0x0800e060       0x78 ./Drivers/STM32H7xx_HAL_Driver/Src/stm32h7xx_ll_sdmmc.o
                0x0800e060                SDMMC_CmdStopTransfer
 .text.SDMMC_CmdSelDesel
                0x0800e0d8       0x46 ./Drivers/STM32H7xx_HAL_Driver/Src/stm32h7xx_ll_sdmmc.o
                0x0800e0d8                SDMMC_CmdSelDesel
 .text.SDMMC_CmdGoIdleState
                0x0800e11e       0x3c ./Drivers/STM32H7xx_HAL_Driver/Src/stm32h7xx_ll_sdmmc.o
                0x0800e11e                SDMMC_CmdGoIdleState
 .text.SDMMC_CmdOperCond
                0x0800e15a       0x40 ./Drivers/STM32H7xx_HAL_Driver/Src/stm32h7xx_ll_sdmmc.o
                0x0800e15a                SDMMC_CmdOperCond
 .text.SDMMC_CmdAppCommand
                0x0800e19a       0x46 ./Drivers/STM32H7xx_HAL_Driver/Src/stm32h7xx_ll_sdmmc.o
                0x0800e19a                SDMMC_CmdAppCommand
 .text.SDMMC_CmdAppOperCommand
                0x0800e1e0       0x40 ./Drivers/STM32H7xx_HAL_Driver/Src/stm32h7xx_ll_sdmmc.o
                0x0800e1e0                SDMMC_CmdAppOperCommand
 .text.SDMMC_CmdBusWidth
                0x0800e220       0x46 ./Drivers/STM32H7xx_HAL_Driver/Src/stm32h7xx_ll_sdmmc.o
                0x0800e220                SDMMC_CmdBusWidth
 .text.SDMMC_CmdSendSCR
                0x0800e266       0x44 ./Drivers/STM32H7xx_HAL_Driver/Src/stm32h7xx_ll_sdmmc.o
                0x0800e266                SDMMC_CmdSendSCR
 .text.SDMMC_CmdSendCID
                0x0800e2aa       0x3e ./Drivers/STM32H7xx_HAL_Driver/Src/stm32h7xx_ll_sdmmc.o
                0x0800e2aa                SDMMC_CmdSendCID
 .text.SDMMC_CmdSendCSD
                0x0800e2e8       0x40 ./Drivers/STM32H7xx_HAL_Driver/Src/stm32h7xx_ll_sdmmc.o
                0x0800e2e8                SDMMC_CmdSendCSD
 .text.SDMMC_CmdSetRelAdd
                0x0800e328       0x44 ./Drivers/STM32H7xx_HAL_Driver/Src/stm32h7xx_ll_sdmmc.o
                0x0800e328                SDMMC_CmdSetRelAdd
 .text.SDMMC_CmdSendStatus
                0x0800e36c       0x46 ./Drivers/STM32H7xx_HAL_Driver/Src/stm32h7xx_ll_sdmmc.o
                0x0800e36c                SDMMC_CmdSendStatus
 .text.SDMMC_CmdStatusRegister
                0x0800e3b2       0x44 ./Drivers/STM32H7xx_HAL_Driver/Src/stm32h7xx_ll_sdmmc.o
                0x0800e3b2                SDMMC_CmdStatusRegister
 *fill*         0x0800e3f6        0x2 
 .text.SDMMC_GetCmdResp1
                0x0800e3f8      0x1e4 ./Drivers/STM32H7xx_HAL_Driver/Src/stm32h7xx_ll_sdmmc.o
                0x0800e3f8                SDMMC_GetCmdResp1
 .text.SDMMC_GetCmdResp2
                0x0800e5dc       0x94 ./Drivers/STM32H7xx_HAL_Driver/Src/stm32h7xx_ll_sdmmc.o
                0x0800e5dc                SDMMC_GetCmdResp2
 .text.SDMMC_GetCmdResp3
                0x0800e670       0x80 ./Drivers/STM32H7xx_HAL_Driver/Src/stm32h7xx_ll_sdmmc.o
                0x0800e670                SDMMC_GetCmdResp3
 .text.SDMMC_GetCmdResp6
                0x0800e6f0       0xf0 ./Drivers/STM32H7xx_HAL_Driver/Src/stm32h7xx_ll_sdmmc.o
                0x0800e6f0                SDMMC_GetCmdResp6
 .text.SDMMC_GetCmdResp7
                0x0800e7e0       0x9c ./Drivers/STM32H7xx_HAL_Driver/Src/stm32h7xx_ll_sdmmc.o
                0x0800e7e0                SDMMC_GetCmdResp7
 .text.SDMMC_GetCmdError
                0x0800e87c       0x5c ./Drivers/STM32H7xx_HAL_Driver/Src/stm32h7xx_ll_sdmmc.o
 .text.MX_FATFS_Init
                0x0800e8d8       0x28 ./FATFS/App/fatfs.o
                0x0800e8d8                MX_FATFS_Init
 .text.get_fattime
                0x0800e900       0x10 ./FATFS/App/fatfs.o
                0x0800e900                get_fattime
 .text.BSP_SD_Init
                0x0800e910       0x4c ./FATFS/Target/bsp_driver_sd.o
                0x0800e910                BSP_SD_Init
 .text.BSP_SD_ReadBlocks_DMA
                0x0800e95c       0x34 ./FATFS/Target/bsp_driver_sd.o
                0x0800e95c                BSP_SD_ReadBlocks_DMA
 .text.BSP_SD_WriteBlocks_DMA
                0x0800e990       0x34 ./FATFS/Target/bsp_driver_sd.o
                0x0800e990                BSP_SD_WriteBlocks_DMA
 .text.BSP_SD_GetCardState
                0x0800e9c4       0x20 ./FATFS/Target/bsp_driver_sd.o
                0x0800e9c4                BSP_SD_GetCardState
 .text.BSP_SD_GetCardInfo
                0x0800e9e4       0x1c ./FATFS/Target/bsp_driver_sd.o
                0x0800e9e4                BSP_SD_GetCardInfo
 .text.HAL_SD_TxCpltCallback
                0x0800ea00       0x14 ./FATFS/Target/bsp_driver_sd.o
                0x0800ea00                HAL_SD_TxCpltCallback
 .text.HAL_SD_RxCpltCallback
                0x0800ea14       0x14 ./FATFS/Target/bsp_driver_sd.o
                0x0800ea14                HAL_SD_RxCpltCallback
 .text.BSP_SD_IsDetected
                0x0800ea28       0x1a ./FATFS/Target/bsp_driver_sd.o
                0x0800ea28                BSP_SD_IsDetected
 .text.SD_CheckStatusWithTimeout
                0x0800ea42       0x3a ./FATFS/Target/sd_diskio.o
 .text.SD_CheckStatus
                0x0800ea7c       0x3c ./FATFS/Target/sd_diskio.o
 .text.SD_initialize
                0x0800eab8       0x98 ./FATFS/Target/sd_diskio.o
                0x0800eab8                SD_initialize
 .text.SD_status
                0x0800eb50       0x1c ./FATFS/Target/sd_diskio.o
                0x0800eb50                SD_status
 .text.SD_read  0x0800eb6c      0x22c ./FATFS/Target/sd_diskio.o
                0x0800eb6c                SD_read
 .text.SD_write
                0x0800ed98      0x218 ./FATFS/Target/sd_diskio.o
                0x0800ed98                SD_write
 .text.SD_ioctl
                0x0800efb0       0xb0 ./FATFS/Target/sd_diskio.o
                0x0800efb0                SD_ioctl
 .text.BSP_SD_WriteCpltCallback
                0x0800f060       0x1c ./FATFS/Target/sd_diskio.o
                0x0800f060                BSP_SD_WriteCpltCallback
 .text.BSP_SD_ReadCpltCallback
                0x0800f07c       0x1c ./FATFS/Target/sd_diskio.o
                0x0800f07c                BSP_SD_ReadCpltCallback
 .text.disk_status
                0x0800f098       0x34 ./Middlewares/Third_Party/FatFs/src/diskio.o
                0x0800f098                disk_status
 .text.disk_initialize
                0x0800f0cc       0x50 ./Middlewares/Third_Party/FatFs/src/diskio.o
                0x0800f0cc                disk_initialize
 .text.disk_read
                0x0800f11c       0x40 ./Middlewares/Third_Party/FatFs/src/diskio.o
                0x0800f11c                disk_read
 .text.disk_write
                0x0800f15c       0x40 ./Middlewares/Third_Party/FatFs/src/diskio.o
                0x0800f15c                disk_write
 .text.disk_ioctl
                0x0800f19c       0x3c ./Middlewares/Third_Party/FatFs/src/diskio.o
                0x0800f19c                disk_ioctl
 .text.ld_word  0x0800f1d8       0x32 ./Middlewares/Third_Party/FatFs/src/ff.o
 .text.ld_dword
                0x0800f20a       0x46 ./Middlewares/Third_Party/FatFs/src/ff.o
 .text.st_word  0x0800f250       0x36 ./Middlewares/Third_Party/FatFs/src/ff.o
 .text.st_dword
                0x0800f286       0x58 ./Middlewares/Third_Party/FatFs/src/ff.o
 .text.mem_cpy  0x0800f2de       0x42 ./Middlewares/Third_Party/FatFs/src/ff.o
 .text.mem_set  0x0800f320       0x36 ./Middlewares/Third_Party/FatFs/src/ff.o
 .text.mem_cmp  0x0800f356       0x4e ./Middlewares/Third_Party/FatFs/src/ff.o
 .text.chk_chr  0x0800f3a4       0x36 ./Middlewares/Third_Party/FatFs/src/ff.o
 .text.lock_fs  0x0800f3da       0x2c ./Middlewares/Third_Party/FatFs/src/ff.o
 .text.unlock_fs
                0x0800f406       0x36 ./Middlewares/Third_Party/FatFs/src/ff.o
 .text.chk_lock
                0x0800f43c       0xb8 ./Middlewares/Third_Party/FatFs/src/ff.o
 .text.enq_lock
                0x0800f4f4       0x44 ./Middlewares/Third_Party/FatFs/src/ff.o
 .text.inc_lock
                0x0800f538      0x11c ./Middlewares/Third_Party/FatFs/src/ff.o
 .text.dec_lock
                0x0800f654       0x78 ./Middlewares/Third_Party/FatFs/src/ff.o
 .text.clear_lock
                0x0800f6cc       0x48 ./Middlewares/Third_Party/FatFs/src/ff.o
 .text.sync_window
                0x0800f714       0x88 ./Middlewares/Third_Party/FatFs/src/ff.o
 .text.move_window
                0x0800f79c       0x5a ./Middlewares/Third_Party/FatFs/src/ff.o
 *fill*         0x0800f7f6        0x2 
 .text.sync_fs  0x0800f7f8       0xdc ./Middlewares/Third_Party/FatFs/src/ff.o
 .text.clust2sect
                0x0800f8d4       0x3e ./Middlewares/Third_Party/FatFs/src/ff.o
 .text.get_fat  0x0800f912      0x14e ./Middlewares/Third_Party/FatFs/src/ff.o
 .text.put_fat  0x0800fa60      0x1d4 ./Middlewares/Third_Party/FatFs/src/ff.o
 .text.remove_chain
                0x0800fc34       0xca ./Middlewares/Third_Party/FatFs/src/ff.o
 .text.create_chain
                0x0800fcfe      0x130 ./Middlewares/Third_Party/FatFs/src/ff.o
 .text.clmt_clust
                0x0800fe2e       0x68 ./Middlewares/Third_Party/FatFs/src/ff.o
 .text.dir_sdi  0x0800fe96       0xf6 ./Middlewares/Third_Party/FatFs/src/ff.o
 .text.dir_next
                0x0800ff8c      0x18a ./Middlewares/Third_Party/FatFs/src/ff.o
 .text.dir_alloc
                0x08010116       0x8e ./Middlewares/Third_Party/FatFs/src/ff.o
 .text.ld_clust
                0x080101a4       0x3e ./Middlewares/Third_Party/FatFs/src/ff.o
 .text.st_clust
                0x080101e2       0x40 ./Middlewares/Third_Party/FatFs/src/ff.o
 *fill*         0x08010222        0x2 
 .text.cmp_lfn  0x08010224       0xe0 ./Middlewares/Third_Party/FatFs/src/ff.o
 .text.put_lfn  0x08010304       0xd0 ./Middlewares/Third_Party/FatFs/src/ff.o
 .text.gen_numname
                0x080103d4      0x11c ./Middlewares/Third_Party/FatFs/src/ff.o
 .text.sum_sfn  0x080104f0       0x42 ./Middlewares/Third_Party/FatFs/src/ff.o
 .text.dir_find
                0x08010532      0x180 ./Middlewares/Third_Party/FatFs/src/ff.o
 *fill*         0x080106b2        0x2 
 .text.dir_register
                0x080106b4      0x1f0 ./Middlewares/Third_Party/FatFs/src/ff.o
 .text.create_name
                0x080108a4      0x40c ./Middlewares/Third_Party/FatFs/src/ff.o
 .text.follow_path
                0x08010cb0      0x120 ./Middlewares/Third_Party/FatFs/src/ff.o
 .text.get_ldnumber
                0x08010dd0       0x88 ./Middlewares/Third_Party/FatFs/src/ff.o
 .text.check_fs
                0x08010e58       0xac ./Middlewares/Third_Party/FatFs/src/ff.o
 .text.find_volume
                0x08010f04      0x4ac ./Middlewares/Third_Party/FatFs/src/ff.o
 .text.validate
                0x080113b0       0x8e ./Middlewares/Third_Party/FatFs/src/ff.o
 *fill*         0x0801143e        0x2 
 .text.f_mount  0x08011440       0xc8 ./Middlewares/Third_Party/FatFs/src/ff.o
                0x08011440                f_mount
 .text.f_open   0x08011508      0x3ac ./Middlewares/Third_Party/FatFs/src/ff.o
                0x08011508                f_open
 .text.f_read   0x080118b4      0x2dc ./Middlewares/Third_Party/FatFs/src/ff.o
                0x080118b4                f_read
 .text.f_write  0x08011b90      0x348 ./Middlewares/Third_Party/FatFs/src/ff.o
                0x08011b90                f_write
 .text.f_sync   0x08011ed8      0x112 ./Middlewares/Third_Party/FatFs/src/ff.o
                0x08011ed8                f_sync
 .text.f_close  0x08011fea       0x5e ./Middlewares/Third_Party/FatFs/src/ff.o
                0x08011fea                f_close
 .text.FATFS_LinkDriverEx
                0x08012048       0x98 ./Middlewares/Third_Party/FatFs/src/ff_gen_drv.o
                0x08012048                FATFS_LinkDriverEx
 .text.FATFS_LinkDriver
                0x080120e0       0x1e ./Middlewares/Third_Party/FatFs/src/ff_gen_drv.o
                0x080120e0                FATFS_LinkDriver
 *fill*         0x080120fe        0x2 
 .text.ff_convert
                0x08012100       0x78 ./Middlewares/Third_Party/FatFs/src/option/ccsbcs.o
                0x08012100                ff_convert
 .text.ff_wtoupper
                0x08012178      0x114 ./Middlewares/Third_Party/FatFs/src/option/ccsbcs.o
                0x08012178                ff_wtoupper
 .text.ff_cre_syncobj
                0x0801228c       0x40 ./Middlewares/Third_Party/FatFs/src/option/syscall.o
                0x0801228c                ff_cre_syncobj
 .text.ff_del_syncobj
                0x080122cc       0x18 ./Middlewares/Third_Party/FatFs/src/option/syscall.o
                0x080122cc                ff_del_syncobj
 .text.ff_req_grant
                0x080122e4       0x2a ./Middlewares/Third_Party/FatFs/src/option/syscall.o
                0x080122e4                ff_req_grant
 .text.ff_rel_grant
                0x0801230e       0x16 ./Middlewares/Third_Party/FatFs/src/option/syscall.o
                0x0801230e                ff_rel_grant
 .text.ff_memalloc
                0x08012324       0x18 ./Middlewares/Third_Party/FatFs/src/option/syscall.o
                0x08012324                ff_memalloc
 .text.ff_memfree
                0x0801233c       0x16 ./Middlewares/Third_Party/FatFs/src/option/syscall.o
                0x0801233c                ff_memfree
 .text.makeFreeRtosPriority
                0x08012352       0x30 ./Middlewares/Third_Party/FreeRTOS/Source/CMSIS_RTOS/cmsis_os.o
 .text.inHandlerMode
                0x08012382       0x24 ./Middlewares/Third_Party/FreeRTOS/Source/CMSIS_RTOS/cmsis_os.o
 .text.osKernelStart
                0x080123a6        0xe ./Middlewares/Third_Party/FreeRTOS/Source/CMSIS_RTOS/cmsis_os.o
                0x080123a6                osKernelStart
 .text.osKernelRunning
                0x080123b4       0x18 ./Middlewares/Third_Party/FreeRTOS/Source/CMSIS_RTOS/cmsis_os.o
                0x080123b4                osKernelRunning
 .text.osKernelSysTick
                0x080123cc       0x20 ./Middlewares/Third_Party/FreeRTOS/Source/CMSIS_RTOS/cmsis_os.o
                0x080123cc                osKernelSysTick
 .text.osThreadCreate
                0x080123ec       0x98 ./Middlewares/Third_Party/FreeRTOS/Source/CMSIS_RTOS/cmsis_os.o
                0x080123ec                osThreadCreate
 .text.osDelay  0x08012484       0x28 ./Middlewares/Third_Party/FreeRTOS/Source/CMSIS_RTOS/cmsis_os.o
                0x08012484                osDelay
 .text.osSemaphoreCreate
                0x080124ac       0x64 ./Middlewares/Third_Party/FreeRTOS/Source/CMSIS_RTOS/cmsis_os.o
                0x080124ac                osSemaphoreCreate
 .text.osSemaphoreWait
                0x08012510       0x9c ./Middlewares/Third_Party/FreeRTOS/Source/CMSIS_RTOS/cmsis_os.o
                0x08012510                osSemaphoreWait
 .text.osSemaphoreRelease
                0x080125ac       0x6c ./Middlewares/Third_Party/FreeRTOS/Source/CMSIS_RTOS/cmsis_os.o
                0x080125ac                osSemaphoreRelease
 .text.osSemaphoreDelete
                0x08012618       0x26 ./Middlewares/Third_Party/FreeRTOS/Source/CMSIS_RTOS/cmsis_os.o
                0x08012618                osSemaphoreDelete
 .text.osMessageCreate
                0x0801263e       0x50 ./Middlewares/Third_Party/FreeRTOS/Source/CMSIS_RTOS/cmsis_os.o
                0x0801263e                osMessageCreate
 *fill*         0x0801268e        0x2 
 .text.osMessagePut
                0x08012690       0x80 ./Middlewares/Third_Party/FreeRTOS/Source/CMSIS_RTOS/cmsis_os.o
                0x08012690                osMessagePut
 .text.osMessageGet
                0x08012710       0xe8 ./Middlewares/Third_Party/FreeRTOS/Source/CMSIS_RTOS/cmsis_os.o
                0x08012710                osMessageGet
 .text.vListInitialise
                0x080127f8       0x40 ./Middlewares/Third_Party/FreeRTOS/Source/list.o
                0x080127f8                vListInitialise
 .text.vListInitialiseItem
                0x08012838       0x1a ./Middlewares/Third_Party/FreeRTOS/Source/list.o
                0x08012838                vListInitialiseItem
 .text.vListInsertEnd
                0x08012852       0x48 ./Middlewares/Third_Party/FreeRTOS/Source/list.o
                0x08012852                vListInsertEnd
 .text.vListInsert
                0x0801289a       0x72 ./Middlewares/Third_Party/FreeRTOS/Source/list.o
                0x0801289a                vListInsert
 .text.uxListRemove
                0x0801290c       0x54 ./Middlewares/Third_Party/FreeRTOS/Source/list.o
                0x0801290c                uxListRemove
 .text.xQueueGenericReset
                0x08012960       0xd4 ./Middlewares/Third_Party/FreeRTOS/Source/queue.o
                0x08012960                xQueueGenericReset
 .text.xQueueGenericCreateStatic
                0x08012a34       0xfa ./Middlewares/Third_Party/FreeRTOS/Source/queue.o
                0x08012a34                xQueueGenericCreateStatic
 .text.xQueueGenericCreate
                0x08012b2e       0x76 ./Middlewares/Third_Party/FreeRTOS/Source/queue.o
                0x08012b2e                xQueueGenericCreate
 .text.prvInitialiseNewQueue
                0x08012ba4       0x46 ./Middlewares/Third_Party/FreeRTOS/Source/queue.o
 *fill*         0x08012bea        0x2 
 .text.xQueueGenericSend
                0x08012bec      0x204 ./Middlewares/Third_Party/FreeRTOS/Source/queue.o
                0x08012bec                xQueueGenericSend
 .text.xQueueGenericSendFromISR
                0x08012df0      0x13c ./Middlewares/Third_Party/FreeRTOS/Source/queue.o
                0x08012df0                xQueueGenericSendFromISR
 .text.xQueueGiveFromISR
                0x08012f2c      0x120 ./Middlewares/Third_Party/FreeRTOS/Source/queue.o
                0x08012f2c                xQueueGiveFromISR
 .text.xQueueReceive
                0x0801304c      0x1c4 ./Middlewares/Third_Party/FreeRTOS/Source/queue.o
                0x0801304c                xQueueReceive
 .text.xQueueSemaphoreTake
                0x08013210      0x220 ./Middlewares/Third_Party/FreeRTOS/Source/queue.o
                0x08013210                xQueueSemaphoreTake
 .text.xQueueReceiveFromISR
                0x08013430      0x104 ./Middlewares/Third_Party/FreeRTOS/Source/queue.o
                0x08013430                xQueueReceiveFromISR
 .text.vQueueDelete
                0x08013534       0x48 ./Middlewares/Third_Party/FreeRTOS/Source/queue.o
                0x08013534                vQueueDelete
 .text.prvGetDisinheritPriorityAfterTimeout
                0x0801357c       0x30 ./Middlewares/Third_Party/FreeRTOS/Source/queue.o
 .text.prvCopyDataToQueue
                0x080135ac       0xd4 ./Middlewares/Third_Party/FreeRTOS/Source/queue.o
 .text.prvCopyDataFromQueue
                0x08013680       0x4c ./Middlewares/Third_Party/FreeRTOS/Source/queue.o
 .text.prvUnlockQueue
                0x080136cc       0xa4 ./Middlewares/Third_Party/FreeRTOS/Source/queue.o
 .text.prvIsQueueEmpty
                0x08013770       0x2c ./Middlewares/Third_Party/FreeRTOS/Source/queue.o
 .text.prvIsQueueFull
                0x0801379c       0x30 ./Middlewares/Third_Party/FreeRTOS/Source/queue.o
 .text.vQueueAddToRegistry
                0x080137cc       0x54 ./Middlewares/Third_Party/FreeRTOS/Source/queue.o
                0x080137cc                vQueueAddToRegistry
 .text.vQueueUnregisterQueue
                0x08013820       0x54 ./Middlewares/Third_Party/FreeRTOS/Source/queue.o
                0x08013820                vQueueUnregisterQueue
 .text.vQueueWaitForMessageRestricted
                0x08013874       0x68 ./Middlewares/Third_Party/FreeRTOS/Source/queue.o
                0x08013874                vQueueWaitForMessageRestricted
 .text.xTaskCreateStatic
                0x080138dc       0xc0 ./Middlewares/Third_Party/FreeRTOS/Source/tasks.o
                0x080138dc                xTaskCreateStatic
 .text.xTaskCreate
                0x0801399c       0x8a ./Middlewares/Third_Party/FreeRTOS/Source/tasks.o
                0x0801399c                xTaskCreate
 .text.prvInitialiseNewTask
                0x08013a26      0x120 ./Middlewares/Third_Party/FreeRTOS/Source/tasks.o
 *fill*         0x08013b46        0x2 
 .text.prvAddNewTaskToReadyList
                0x08013b48       0xdc ./Middlewares/Third_Party/FreeRTOS/Source/tasks.o
 .text.vTaskDelay
                0x08013c24       0x6c ./Middlewares/Third_Party/FreeRTOS/Source/tasks.o
                0x08013c24                vTaskDelay
 .text.vTaskStartScheduler
                0x08013c90       0xd0 ./Middlewares/Third_Party/FreeRTOS/Source/tasks.o
                0x08013c90                vTaskStartScheduler
 .text.vTaskSuspendAll
                0x08013d60       0x1c ./Middlewares/Third_Party/FreeRTOS/Source/tasks.o
                0x08013d60                vTaskSuspendAll
 .text.xTaskResumeAll
                0x08013d7c      0x13c ./Middlewares/Third_Party/FreeRTOS/Source/tasks.o
                0x08013d7c                xTaskResumeAll
 .text.xTaskGetTickCount
                0x08013eb8       0x20 ./Middlewares/Third_Party/FreeRTOS/Source/tasks.o
                0x08013eb8                xTaskGetTickCount
 .text.xTaskGetTickCountFromISR
                0x08013ed8       0x24 ./Middlewares/Third_Party/FreeRTOS/Source/tasks.o
                0x08013ed8                xTaskGetTickCountFromISR
 .text.xTaskIncrementTick
                0x08013efc      0x184 ./Middlewares/Third_Party/FreeRTOS/Source/tasks.o
                0x08013efc                xTaskIncrementTick
 .text.vTaskSwitchContext
                0x08014080       0xb8 ./Middlewares/Third_Party/FreeRTOS/Source/tasks.o
                0x08014080                vTaskSwitchContext
 .text.vTaskPlaceOnEventList
                0x08014138       0x4c ./Middlewares/Third_Party/FreeRTOS/Source/tasks.o
                0x08014138                vTaskPlaceOnEventList
 .text.vTaskPlaceOnEventListRestricted
                0x08014184       0x58 ./Middlewares/Third_Party/FreeRTOS/Source/tasks.o
                0x08014184                vTaskPlaceOnEventListRestricted
 .text.xTaskRemoveFromEventList
                0x080141dc       0xc8 ./Middlewares/Third_Party/FreeRTOS/Source/tasks.o
                0x080141dc                xTaskRemoveFromEventList
 .text.vTaskInternalSetTimeOutState
                0x080142a4       0x2c ./Middlewares/Third_Party/FreeRTOS/Source/tasks.o
                0x080142a4                vTaskInternalSetTimeOutState
 .text.xTaskCheckForTimeOut
                0x080142d0       0xc8 ./Middlewares/Third_Party/FreeRTOS/Source/tasks.o
                0x080142d0                xTaskCheckForTimeOut
 .text.vTaskMissedYield
                0x08014398       0x18 ./Middlewares/Third_Party/FreeRTOS/Source/tasks.o
                0x08014398                vTaskMissedYield
 .text.prvIdleTask
                0x080143b0       0x34 ./Middlewares/Third_Party/FreeRTOS/Source/tasks.o
 .text.prvInitialiseTaskLists
                0x080143e4       0x80 ./Middlewares/Third_Party/FreeRTOS/Source/tasks.o
 .text.prvCheckTasksWaitingTermination
                0x08014464       0x5c ./Middlewares/Third_Party/FreeRTOS/Source/tasks.o
 .text.prvDeleteTCB
                0x080144c0       0x60 ./Middlewares/Third_Party/FreeRTOS/Source/tasks.o
 .text.prvResetNextTaskUnblockTime
                0x08014520       0x40 ./Middlewares/Third_Party/FreeRTOS/Source/tasks.o
 .text.xTaskGetSchedulerState
                0x08014560       0x3c ./Middlewares/Third_Party/FreeRTOS/Source/tasks.o
                0x08014560                xTaskGetSchedulerState
 .text.xTaskPriorityInherit
                0x0801459c       0xec ./Middlewares/Third_Party/FreeRTOS/Source/tasks.o
                0x0801459c                xTaskPriorityInherit
 .text.xTaskPriorityDisinherit
                0x08014688      0x110 ./Middlewares/Third_Party/FreeRTOS/Source/tasks.o
                0x08014688                xTaskPriorityDisinherit
 .text.vTaskPriorityDisinheritAfterTimeout
                0x08014798      0x120 ./Middlewares/Third_Party/FreeRTOS/Source/tasks.o
                0x08014798                vTaskPriorityDisinheritAfterTimeout
 .text.pvTaskIncrementMutexHeldCount
                0x080148b8       0x28 ./Middlewares/Third_Party/FreeRTOS/Source/tasks.o
                0x080148b8                pvTaskIncrementMutexHeldCount
 .text.prvAddCurrentTaskToDelayedList
                0x080148e0       0xcc ./Middlewares/Third_Party/FreeRTOS/Source/tasks.o
 .text.xTimerCreateTimerTask
                0x080149ac       0x94 ./Middlewares/Third_Party/FreeRTOS/Source/timers.o
                0x080149ac                xTimerCreateTimerTask
 .text.xTimerGenericCommand
                0x08014a40       0x9c ./Middlewares/Third_Party/FreeRTOS/Source/timers.o
                0x08014a40                xTimerGenericCommand
 .text.prvProcessExpiredTimer
                0x08014adc       0x9c ./Middlewares/Third_Party/FreeRTOS/Source/timers.o
 .text.prvTimerTask
                0x08014b78       0x26 ./Middlewares/Third_Party/FreeRTOS/Source/timers.o
 *fill*         0x08014b9e        0x2 
 .text.prvProcessTimerOrBlockTask
                0x08014ba0       0x9c ./Middlewares/Third_Party/FreeRTOS/Source/timers.o
 .text.prvGetNextExpireTime
                0x08014c3c       0x48 ./Middlewares/Third_Party/FreeRTOS/Source/timers.o
 .text.prvSampleTimeNow
                0x08014c84       0x40 ./Middlewares/Third_Party/FreeRTOS/Source/timers.o
 .text.prvInsertTimerInActiveList
                0x08014cc4       0x84 ./Middlewares/Third_Party/FreeRTOS/Source/timers.o
 .text.prvProcessReceivedCommands
                0x08014d48      0x1cc ./Middlewares/Third_Party/FreeRTOS/Source/timers.o
 .text.prvSwitchTimerLists
                0x08014f14       0xcc ./Middlewares/Third_Party/FreeRTOS/Source/timers.o
 .text.prvCheckForValidListAndQueue
                0x08014fe0       0x80 ./Middlewares/Third_Party/FreeRTOS/Source/timers.o
 .text.pxPortInitialiseStack
                0x08015060       0x68 ./Middlewares/Third_Party/FreeRTOS/Source/portable/GCC/ARM_CM4F/port.o
                0x08015060                pxPortInitialiseStack
 .text.prvTaskExitError
                0x080150c8       0x5c ./Middlewares/Third_Party/FreeRTOS/Source/portable/GCC/ARM_CM4F/port.o
 *fill*         0x08015124        0xc 
 .text.SVC_Handler
                0x08015130       0x28 ./Middlewares/Third_Party/FreeRTOS/Source/portable/GCC/ARM_CM4F/port.o
                0x08015130                SVC_Handler
 .text.prvPortStartFirstTask
                0x08015158       0x28 ./Middlewares/Third_Party/FreeRTOS/Source/portable/GCC/ARM_CM4F/port.o
 .text.xPortStartScheduler
                0x08015180      0x148 ./Middlewares/Third_Party/FreeRTOS/Source/portable/GCC/ARM_CM4F/port.o
                0x08015180                xPortStartScheduler
 .text.vPortEnterCritical
                0x080152c8       0x64 ./Middlewares/Third_Party/FreeRTOS/Source/portable/GCC/ARM_CM4F/port.o
                0x080152c8                vPortEnterCritical
 .text.vPortExitCritical
                0x0801532c       0x54 ./Middlewares/Third_Party/FreeRTOS/Source/portable/GCC/ARM_CM4F/port.o
                0x0801532c                vPortExitCritical
 .text.PendSV_Handler
                0x08015380       0x68 ./Middlewares/Third_Party/FreeRTOS/Source/portable/GCC/ARM_CM4F/port.o
                0x08015380                PendSV_Handler
 .text.xPortSysTickHandler
                0x080153e8       0x44 ./Middlewares/Third_Party/FreeRTOS/Source/portable/GCC/ARM_CM4F/port.o
                0x080153e8                xPortSysTickHandler
 .text.vPortSetupTimerInterrupt
                0x0801542c       0x48 ./Middlewares/Third_Party/FreeRTOS/Source/portable/GCC/ARM_CM4F/port.o
                0x0801542c                vPortSetupTimerInterrupt
 .text.vPortEnableVFP
                0x08015474       0x14 ./Middlewares/Third_Party/FreeRTOS/Source/portable/GCC/ARM_CM4F/port.o
 .text.vPortValidateInterruptPriority
                0x08015488       0x84 ./Middlewares/Third_Party/FreeRTOS/Source/portable/GCC/ARM_CM4F/port.o
                0x08015488                vPortValidateInterruptPriority
 .text.pvPortMalloc
                0x0801550c      0x19c ./Middlewares/Third_Party/FreeRTOS/Source/portable/MemMang/heap_4.o
                0x0801550c                pvPortMalloc
 .text.vPortFree
                0x080156a8       0xc8 ./Middlewares/Third_Party/FreeRTOS/Source/portable/MemMang/heap_4.o
                0x080156a8                vPortFree
 .text.prvHeapInit
                0x08015770       0xc4 ./Middlewares/Third_Party/FreeRTOS/Source/portable/MemMang/heap_4.o
 .text.prvInsertBlockIntoFreeList
                0x08015834       0xb4 ./Middlewares/Third_Party/FreeRTOS/Source/portable/MemMang/heap_4.o
 .text.memset   0x080158e8       0x10 C:/ST/STM32CubeIDE_1.19.0/STM32CubeIDE/plugins/com.st.stm32cube.ide.mcu.externaltools.gnu-tools-for-stm32.13.3.rel1.win32_1.0.0.202411081344/tools/bin/../lib/gcc/arm-none-eabi/13.3.1/../../../../arm-none-eabi/lib/thumb/v7e-m+dp/hard\libc_nano.a(libc_a-memset.o)
                0x080158e8                memset
 .text.__libc_init_array
                0x080158f8       0x48 C:/ST/STM32CubeIDE_1.19.0/STM32CubeIDE/plugins/com.st.stm32cube.ide.mcu.externaltools.gnu-tools-for-stm32.13.3.rel1.win32_1.0.0.202411081344/tools/bin/../lib/gcc/arm-none-eabi/13.3.1/../../../../arm-none-eabi/lib/thumb/v7e-m+dp/hard\libc_nano.a(libc_a-init.o)
                0x080158f8                __libc_init_array
 .text.memcpy   0x08015940       0x1c C:/ST/STM32CubeIDE_1.19.0/STM32CubeIDE/plugins/com.st.stm32cube.ide.mcu.externaltools.gnu-tools-for-stm32.13.3.rel1.win32_1.0.0.202411081344/tools/bin/../lib/gcc/arm-none-eabi/13.3.1/../../../../arm-none-eabi/lib/thumb/v7e-m+dp/hard\libc_nano.a(libc_a-memcpy-stub.o)
                0x08015940                memcpy
 *(.glue_7)
 .glue_7        0x0801595c        0x0 linker stubs
 *(.glue_7t)
 .glue_7t       0x0801595c        0x0 linker stubs
 *(.eh_frame)
 .eh_frame      0x0801595c        0x0 C:/ST/STM32CubeIDE_1.19.0/STM32CubeIDE/plugins/com.st.stm32cube.ide.mcu.externaltools.gnu-tools-for-stm32.13.3.rel1.win32_1.0.0.202411081344/tools/bin/../lib/gcc/arm-none-eabi/13.3.1/thumb/v7e-m+dp/hard/crtbegin.o
 *(.init)
 .init          0x0801595c        0x4 C:/ST/STM32CubeIDE_1.19.0/STM32CubeIDE/plugins/com.st.stm32cube.ide.mcu.externaltools.gnu-tools-for-stm32.13.3.rel1.win32_1.0.0.202411081344/tools/bin/../lib/gcc/arm-none-eabi/13.3.1/thumb/v7e-m+dp/hard/crti.o
                0x0801595c                _init
 .init          0x08015960        0x8 C:/ST/STM32CubeIDE_1.19.0/STM32CubeIDE/plugins/com.st.stm32cube.ide.mcu.externaltools.gnu-tools-for-stm32.13.3.rel1.win32_1.0.0.202411081344/tools/bin/../lib/gcc/arm-none-eabi/13.3.1/thumb/v7e-m+dp/hard/crtn.o
 *(.fini)
 .fini          0x08015968        0x4 C:/ST/STM32CubeIDE_1.19.0/STM32CubeIDE/plugins/com.st.stm32cube.ide.mcu.externaltools.gnu-tools-for-stm32.13.3.rel1.win32_1.0.0.202411081344/tools/bin/../lib/gcc/arm-none-eabi/13.3.1/thumb/v7e-m+dp/hard/crti.o
                0x08015968                _fini
 .fini          0x0801596c        0x8 C:/ST/STM32CubeIDE_1.19.0/STM32CubeIDE/plugins/com.st.stm32cube.ide.mcu.externaltools.gnu-tools-for-stm32.13.3.rel1.win32_1.0.0.202411081344/tools/bin/../lib/gcc/arm-none-eabi/13.3.1/thumb/v7e-m+dp/hard/crtn.o
                0x08015974                        . = ALIGN (0x4)
                0x08015974                        _etext = .

.vfp11_veneer   0x08015974        0x0
 .vfp11_veneer  0x08015974        0x0 linker stubs

.v4_bx          0x08015974        0x0
 .v4_bx         0x08015974        0x0 linker stubs

.iplt           0x08015974        0x0
 .iplt          0x08015974        0x0 C:/ST/STM32CubeIDE_1.19.0/STM32CubeIDE/plugins/com.st.stm32cube.ide.mcu.externaltools.gnu-tools-for-stm32.13.3.rel1.win32_1.0.0.202411081344/tools/bin/../lib/gcc/arm-none-eabi/13.3.1/thumb/v7e-m+dp/hard/crtbegin.o

.rodata         0x08015974      0x894
                0x08015974                        . = ALIGN (0x4)
 *(.rodata)
 .rodata        0x08015974      0x2e4 ./Application/General_Utilities/errors_service.o
 .rodata        0x08015c58       0x9e ./Core/Src/freertos.o
 *fill*         0x08015cf6        0x2 
 .rodata        0x08015cf8        0x9 ./Core/Src/tim.o
 *fill*         0x08015d01        0x3 
 .rodata        0x08015d04       0x10 ./FATFS/Target/sd_diskio.o
 .rodata        0x08015d14       0x48 ./Middlewares/Third_Party/FatFs/src/ff.o
 .rodata        0x08015d5c        0x5 ./Middlewares/Third_Party/FreeRTOS/Source/tasks.o
 *fill*         0x08015d61        0x3 
 .rodata        0x08015d64        0xd ./Middlewares/Third_Party/FreeRTOS/Source/timers.o
 *(.rodata*)
 *fill*         0x08015d71        0x3 
 .rodata.D1CorePrescTable
                0x08015d74       0x10 ./Core/Src/system_stm32h7xx.o
                0x08015d74                D1CorePrescTable
 .rodata.flagBitshiftOffset.0
                0x08015d84        0x8 ./Drivers/STM32H7xx_HAL_Driver/Src/stm32h7xx_hal_dma.o
 .rodata.UARTPrescTable
                0x08015d8c       0x18 ./Drivers/STM32H7xx_HAL_Driver/Src/stm32h7xx_hal_uart.o
                0x08015d8c                UARTPrescTable
 .rodata.numerator.1
                0x08015da4        0x8 ./Drivers/STM32H7xx_HAL_Driver/Src/stm32h7xx_hal_uart_ex.o
 .rodata.denominator.0
                0x08015dac        0x8 ./Drivers/STM32H7xx_HAL_Driver/Src/stm32h7xx_hal_uart_ex.o
 .rodata.SD_Driver
                0x08015db4       0x14 ./FATFS/Target/sd_diskio.o
                0x08015db4                SD_Driver
 .rodata.ExCvt  0x08015dc8       0x80 ./Middlewares/Third_Party/FatFs/src/ff.o
 .rodata.LfnOfs
                0x08015e48        0xd ./Middlewares/Third_Party/FatFs/src/ff.o
 *fill*         0x08015e55        0x3 
 .rodata.Tbl    0x08015e58      0x100 ./Middlewares/Third_Party/FatFs/src/option/ccsbcs.o
 .rodata.cvt1.1
                0x08015f58      0x1f2 ./Middlewares/Third_Party/FatFs/src/option/ccsbcs.o
 *fill*         0x0801614a        0x2 
 .rodata.cvt2.0
                0x0801614c       0xbc ./Middlewares/Third_Party/FatFs/src/option/ccsbcs.o
                0x08016208                        . = ALIGN (0x4)

.ARM.extab
 *(.ARM.extab* .gnu.linkonce.armextab.*)

.ARM            0x08016208        0x8
                0x08016208                        __exidx_start = .
 *(.ARM.exidx*)
 .ARM.exidx     0x08016208        0x8 C:/ST/STM32CubeIDE_1.19.0/STM32CubeIDE/plugins/com.st.stm32cube.ide.mcu.externaltools.gnu-tools-for-stm32.13.3.rel1.win32_1.0.0.202411081344/tools/bin/../lib/gcc/arm-none-eabi/13.3.1/thumb/v7e-m+dp/hard\libgcc.a(_udivmoddi4.o)
                0x08016210                        __exidx_end = .

.preinit_array  0x08016210        0x0
                0x08016210                        PROVIDE (__preinit_array_start = .)
 *(.preinit_array*)
                0x08016210                        PROVIDE (__preinit_array_end = .)

.init_array     0x08016210        0x4
                0x08016210                        PROVIDE (__init_array_start = .)
 *(SORT_BY_NAME(.init_array.*))
 *(.init_array*)
 .init_array    0x08016210        0x4 C:/ST/STM32CubeIDE_1.19.0/STM32CubeIDE/plugins/com.st.stm32cube.ide.mcu.externaltools.gnu-tools-for-stm32.13.3.rel1.win32_1.0.0.202411081344/tools/bin/../lib/gcc/arm-none-eabi/13.3.1/thumb/v7e-m+dp/hard/crtbegin.o
                0x08016214                        PROVIDE (__init_array_end = .)

.fini_array     0x08016214        0x4
                [!provide]                        PROVIDE (__fini_array_start = .)
 *(SORT_BY_NAME(.fini_array.*))
 *(.fini_array*)
 .fini_array    0x08016214        0x4 C:/ST/STM32CubeIDE_1.19.0/STM32CubeIDE/plugins/com.st.stm32cube.ide.mcu.externaltools.gnu-tools-for-stm32.13.3.rel1.win32_1.0.0.202411081344/tools/bin/../lib/gcc/arm-none-eabi/13.3.1/thumb/v7e-m+dp/hard/crtbegin.o
                [!provide]                        PROVIDE (__fini_array_end = .)
                0x08016218                        _sidata = LOADADDR (.data)

.rel.dyn        0x08016218        0x0
 .rel.iplt      0x08016218        0x0 C:/ST/STM32CubeIDE_1.19.0/STM32CubeIDE/plugins/com.st.stm32cube.ide.mcu.externaltools.gnu-tools-for-stm32.13.3.rel1.win32_1.0.0.202411081344/tools/bin/../lib/gcc/arm-none-eabi/13.3.1/thumb/v7e-m+dp/hard/crtbegin.o

.data           0x24000000       0x14 load address 0x08016218
                0x24000000                        . = ALIGN (0x4)
                0x24000000                        _sdata = .
 *(.data)
 *(.data*)
 .data.SystemCoreClock
                0x24000000        0x4 ./Core/Src/system_stm32h7xx.o
                0x24000000                SystemCoreClock
 .data.SystemD2Clock
                0x24000004        0x4 ./Core/Src/system_stm32h7xx.o
                0x24000004                SystemD2Clock
 .data.uwTickPrio
                0x24000008        0x4 ./Drivers/STM32H7xx_HAL_Driver/Src/stm32h7xx_hal.o
                0x24000008                uwTickPrio
 .data.uwTickFreq
                0x2400000c        0x1 ./Drivers/STM32H7xx_HAL_Driver/Src/stm32h7xx_hal.o
                0x2400000c                uwTickFreq
 .data.Stat     0x2400000d        0x1 ./FATFS/Target/sd_diskio.o
 *fill*         0x2400000e        0x2 
 .data.uxCriticalNesting
                0x24000010        0x4 ./Middlewares/Third_Party/FreeRTOS/Source/portable/GCC/ARM_CM4F/port.o
 *(.RamFunc)
 *(.RamFunc*)
                0x24000014                        . = ALIGN (0x4)
                0x24000014                        _edata = .

.igot.plt       0x24000014        0x0 load address 0x0801622c
 .igot.plt      0x24000014        0x0 C:/ST/STM32CubeIDE_1.19.0/STM32CubeIDE/plugins/com.st.stm32cube.ide.mcu.externaltools.gnu-tools-for-stm32.13.3.rel1.win32_1.0.0.202411081344/tools/bin/../lib/gcc/arm-none-eabi/13.3.1/thumb/v7e-m+dp/hard/crtbegin.o
                0x24000014                        . = ALIGN (0x4)

.bss            0x24000020    0x550c0 load address 0x0801622c
                0x24000020                        _sbss = .
                0x24000020                        __bss_start__ = _sbss
 *(.bss)
 .bss           0x24000020       0x1c C:/ST/STM32CubeIDE_1.19.0/STM32CubeIDE/plugins/com.st.stm32cube.ide.mcu.externaltools.gnu-tools-for-stm32.13.3.rel1.win32_1.0.0.202411081344/tools/bin/../lib/gcc/arm-none-eabi/13.3.1/thumb/v7e-m+dp/hard/crtbegin.o
 *(.bss*)
 .bss.codeBuff  0x2400003c       0x32 ./Application/General_Utilities/errors_service.o
 *fill*         0x2400006e       0x12 
 .bss.myFile    0x24000080     0x15e0 ./Application/General_Utilities/sd_card.o
 .bss.hsdram1   0x24001660       0x34 ./Core/Src/fmc.o
                0x24001660                hsdram1
 .bss.FMC_Initialized
                0x24001694        0x4 ./Core/Src/fmc.o
 .bss.defaultTaskHandle
                0x24001698        0x4 ./Core/Src/freertos.o
                0x24001698                defaultTaskHandle
 .bss.xIdleTaskTCBBuffer
                0x2400169c       0x5c ./Core/Src/freertos.o
 .bss.xIdleStack
                0x240016f8      0x400 ./Core/Src/freertos.o
 .bss.xTimerTaskTCBBuffer
                0x24001af8       0x5c ./Core/Src/freertos.o
 .bss.xTimerStack
                0x24001b54      0x800 ./Core/Src/freertos.o
 *fill*         0x24002354        0xc 
 .bss.buff      0x24002360    0x32000 ./Core/Src/freertos.o
 .bss.hi2c1     0x24034360       0x54 ./Core/Src/i2c.o
                0x24034360                hi2c1
 .bss.hi2c4     0x240343b4       0x54 ./Core/Src/i2c.o
                0x240343b4                hi2c4
 .bss.hltdc     0x24034408       0xa8 ./Core/Src/ltdc.o
                0x24034408                hltdc
 .bss.hmdma_mdma_channel0_sdmmc1_end_data_0
                0x240344b0       0x6c ./Core/Src/mdma.o
                0x240344b0                hmdma_mdma_channel0_sdmmc1_end_data_0
 .bss.hsd1      0x2403451c       0x7c ./Core/Src/sdmmc.o
                0x2403451c                hsd1
 .bss.htim5     0x24034598       0x4c ./Core/Src/tim.o
                0x24034598                htim5
 .bss.huart7    0x240345e4       0x94 ./Core/Src/usart.o
                0x240345e4                huart7
 .bss.huart6    0x24034678       0x94 ./Core/Src/usart.o
                0x24034678                huart6
 .bss.hdma_uart7_rx
                0x2403470c       0x78 ./Core/Src/usart.o
                0x2403470c                hdma_uart7_rx
 .bss.hdma_uart7_tx
                0x24034784       0x78 ./Core/Src/usart.o
                0x24034784                hdma_uart7_tx
 .bss.hdma_usart6_rx
                0x240347fc       0x78 ./Core/Src/usart.o
                0x240347fc                hdma_usart6_rx
 .bss.hdma_usart6_tx
                0x24034874       0x78 ./Core/Src/usart.o
                0x24034874                hdma_usart6_tx
 .bss.uwTick    0x240348ec        0x4 ./Drivers/STM32H7xx_HAL_Driver/Src/stm32h7xx_hal.o
                0x240348ec                uwTick
 .bss.retSD     0x240348f0        0x1 ./FATFS/App/fatfs.o
                0x240348f0                retSD
 *fill*         0x240348f1        0x3 
 .bss.SDPath    0x240348f4        0x4 ./FATFS/App/fatfs.o
                0x240348f4                SDPath
 .bss.SDFatFS   0x240348f8      0x23c ./FATFS/App/fatfs.o
                0x240348f8                SDFatFS
 *fill*         0x24034b34        0xc 
 .bss.scratch   0x24034b40      0x200 ./FATFS/Target/sd_diskio.o
 .bss.SDQueueID
                0x24034d40        0x4 ./FATFS/Target/sd_diskio.o
 .bss.FatFs     0x24034d44        0x4 ./Middlewares/Third_Party/FatFs/src/ff.o
 .bss.Fsid      0x24034d48        0x2 ./Middlewares/Third_Party/FatFs/src/ff.o
 *fill*         0x24034d4a        0x2 
 .bss.Files     0x24034d4c       0xa0 ./Middlewares/Third_Party/FatFs/src/ff.o
 .bss.disk      0x24034dec        0xc ./Middlewares/Third_Party/FatFs/src/ff_gen_drv.o
                0x24034dec                disk
 .bss.xQueueRegistry
                0x24034df8       0x40 ./Middlewares/Third_Party/FreeRTOS/Source/queue.o
                0x24034df8                xQueueRegistry
 .bss.pxCurrentTCB
                0x24034e38        0x4 ./Middlewares/Third_Party/FreeRTOS/Source/tasks.o
                0x24034e38                pxCurrentTCB
 .bss.pxReadyTasksLists
                0x24034e3c       0xb4 ./Middlewares/Third_Party/FreeRTOS/Source/tasks.o
 .bss.xDelayedTaskList1
                0x24034ef0       0x14 ./Middlewares/Third_Party/FreeRTOS/Source/tasks.o
 .bss.xDelayedTaskList2
                0x24034f04       0x14 ./Middlewares/Third_Party/FreeRTOS/Source/tasks.o
 .bss.pxDelayedTaskList
                0x24034f18        0x4 ./Middlewares/Third_Party/FreeRTOS/Source/tasks.o
 .bss.pxOverflowDelayedTaskList
                0x24034f1c        0x4 ./Middlewares/Third_Party/FreeRTOS/Source/tasks.o
 .bss.xPendingReadyList
                0x24034f20       0x14 ./Middlewares/Third_Party/FreeRTOS/Source/tasks.o
 .bss.xTasksWaitingTermination
                0x24034f34       0x14 ./Middlewares/Third_Party/FreeRTOS/Source/tasks.o
 .bss.uxDeletedTasksWaitingCleanUp
                0x24034f48        0x4 ./Middlewares/Third_Party/FreeRTOS/Source/tasks.o
 .bss.xSuspendedTaskList
                0x24034f4c       0x14 ./Middlewares/Third_Party/FreeRTOS/Source/tasks.o
 .bss.uxCurrentNumberOfTasks
                0x24034f60        0x4 ./Middlewares/Third_Party/FreeRTOS/Source/tasks.o
 .bss.xTickCount
                0x24034f64        0x4 ./Middlewares/Third_Party/FreeRTOS/Source/tasks.o
 .bss.uxTopReadyPriority
                0x24034f68        0x4 ./Middlewares/Third_Party/FreeRTOS/Source/tasks.o
 .bss.xSchedulerRunning
                0x24034f6c        0x4 ./Middlewares/Third_Party/FreeRTOS/Source/tasks.o
 .bss.xPendedTicks
                0x24034f70        0x4 ./Middlewares/Third_Party/FreeRTOS/Source/tasks.o
 .bss.xYieldPending
                0x24034f74        0x4 ./Middlewares/Third_Party/FreeRTOS/Source/tasks.o
 .bss.xNumOfOverflows
                0x24034f78        0x4 ./Middlewares/Third_Party/FreeRTOS/Source/tasks.o
 .bss.uxTaskNumber
                0x24034f7c        0x4 ./Middlewares/Third_Party/FreeRTOS/Source/tasks.o
 .bss.xNextTaskUnblockTime
                0x24034f80        0x4 ./Middlewares/Third_Party/FreeRTOS/Source/tasks.o
 .bss.xIdleTaskHandle
                0x24034f84        0x4 ./Middlewares/Third_Party/FreeRTOS/Source/tasks.o
 .bss.uxSchedulerSuspended
                0x24034f88        0x4 ./Middlewares/Third_Party/FreeRTOS/Source/tasks.o
 .bss.xActiveTimerList1
                0x24034f8c       0x14 ./Middlewares/Third_Party/FreeRTOS/Source/timers.o
 .bss.xActiveTimerList2
                0x24034fa0       0x14 ./Middlewares/Third_Party/FreeRTOS/Source/timers.o
 .bss.pxCurrentTimerList
                0x24034fb4        0x4 ./Middlewares/Third_Party/FreeRTOS/Source/timers.o
 .bss.pxOverflowTimerList
                0x24034fb8        0x4 ./Middlewares/Third_Party/FreeRTOS/Source/timers.o
 .bss.xTimerQueue
                0x24034fbc        0x4 ./Middlewares/Third_Party/FreeRTOS/Source/timers.o
 .bss.xTimerTaskHandle
                0x24034fc0        0x4 ./Middlewares/Third_Party/FreeRTOS/Source/timers.o
 .bss.xLastTime.2
                0x24034fc4        0x4 ./Middlewares/Third_Party/FreeRTOS/Source/timers.o
 .bss.ucStaticTimerQueueStorage.1
                0x24034fc8       0xa0 ./Middlewares/Third_Party/FreeRTOS/Source/timers.o
 .bss.xStaticTimerQueue.0