../Core/Src/usart.c:37:6:MX_UART7_Init	8	static
../Core/Src/usart.c:81:6:MX_USART6_UART_Init	8	static
../Core/Src/usart.c:124:6:HAL_UART_MspInit	248	static
../Core/Src/usart.c:286:6:HAL_UART_MspDeInit	16	static
../Core/Src/usart.c:340:6:UART_ClearFlags	16	static
../Core/Src/usart.c:347:6:HAL_UART_TxCpltCallback	16	static
../Core/Src/usart.c:359:6:HAL_UART_RxCpltCallback	16	static
../Core/Src/usart.c:371:6:HAL_UART_ErrorCallback	16	static
../Core/Src/usart.c:383:6:DEBUG_Send	16	static
../Core/Src/usart.c:386:6:DEBUG_ReceiveStart	32	static,ignoring_inline_asm
../Core/Src/usart.c:392:6:DEBUG_ReceiveStop	8	static
